lcd28.c:19:6:bsp_lcd28_init	8	static
lcd28.c:406:6:lcd28_writeram_prepare	8	static
lcd28.c:411:6:lcd28_setcursor	16	static
lcd28.c:418:6:lcd28_clear_screen	24	static
lcd28.c:429:6:lcd28_draw_point	16	static
lcd28.c:436:6:lcd28_fill_color	32	static
lcd28.c:458:6:lcd28_draw_line	64	static
lcd28.c:494:6:lcd28_draw_rectangle	24	static
lcd28.c:504:6:lcd28_draw_circle	32	static
lcd28.c:538:6:lcd28_show_char	32	static
lcd28.c:600:6:lcd28_show_num	40	static
lcd28.c:624:6:lcd28_show_string	24	static
lcd28.c:646:6:lcd28_draw_point_big	16	static
