Archive member included to satisfy reference by file (symbol)

c:/st/stm32cubeide_1.6.0/stm32cubeide/plugins/com.st.stm32cube.ide.mcu.externaltools.gnu-tools-for-stm32.9-2020-q2-update.win32_1.5.0.202011040924/tools/bin/../lib/gcc/arm-none-eabi/9.3.1/../../../../arm-none-eabi/lib/thumb/v7-m/nofp\libc_nano.a(lib_a-errno.o)
                              Core/Src/syscalls.o (__errno)
c:/st/stm32cubeide_1.6.0/stm32cubeide/plugins/com.st.stm32cube.ide.mcu.externaltools.gnu-tools-for-stm32.9-2020-q2-update.win32_1.5.0.202011040924/tools/bin/../lib/gcc/arm-none-eabi/9.3.1/../../../../arm-none-eabi/lib/thumb/v7-m/nofp\libc_nano.a(lib_a-exit.o)
                              c:/st/stm32cubeide_1.6.0/stm32cubeide/plugins/com.st.stm32cube.ide.mcu.externaltools.gnu-tools-for-stm32.9-2020-q2-update.win32_1.5.0.202011040924/tools/bin/../lib/gcc/arm-none-eabi/9.3.1/../../../../arm-none-eabi/lib/thumb/v7-m/nofp/crt0.o (exit)
c:/st/stm32cubeide_1.6.0/stm32cubeide/plugins/com.st.stm32cube.ide.mcu.externaltools.gnu-tools-for-stm32.9-2020-q2-update.win32_1.5.0.202011040924/tools/bin/../lib/gcc/arm-none-eabi/9.3.1/../../../../arm-none-eabi/lib/thumb/v7-m/nofp\libc_nano.a(lib_a-impure.o)
                              c:/st/stm32cubeide_1.6.0/stm32cubeide/plugins/com.st.stm32cube.ide.mcu.externaltools.gnu-tools-for-stm32.9-2020-q2-update.win32_1.5.0.202011040924/tools/bin/../lib/gcc/arm-none-eabi/9.3.1/../../../../arm-none-eabi/lib/thumb/v7-m/nofp\libc_nano.a(lib_a-exit.o) (_global_impure_ptr)
c:/st/stm32cubeide_1.6.0/stm32cubeide/plugins/com.st.stm32cube.ide.mcu.externaltools.gnu-tools-for-stm32.9-2020-q2-update.win32_1.5.0.202011040924/tools/bin/../lib/gcc/arm-none-eabi/9.3.1/../../../../arm-none-eabi/lib/thumb/v7-m/nofp\libc_nano.a(lib_a-init.o)
                              c:/st/stm32cubeide_1.6.0/stm32cubeide/plugins/com.st.stm32cube.ide.mcu.externaltools.gnu-tools-for-stm32.9-2020-q2-update.win32_1.5.0.202011040924/tools/bin/../lib/gcc/arm-none-eabi/9.3.1/../../../../arm-none-eabi/lib/thumb/v7-m/nofp/crt0.o (__libc_init_array)
c:/st/stm32cubeide_1.6.0/stm32cubeide/plugins/com.st.stm32cube.ide.mcu.externaltools.gnu-tools-for-stm32.9-2020-q2-update.win32_1.5.0.202011040924/tools/bin/../lib/gcc/arm-none-eabi/9.3.1/../../../../arm-none-eabi/lib/thumb/v7-m/nofp\libc_nano.a(lib_a-memset.o)
                              c:/st/stm32cubeide_1.6.0/stm32cubeide/plugins/com.st.stm32cube.ide.mcu.externaltools.gnu-tools-for-stm32.9-2020-q2-update.win32_1.5.0.202011040924/tools/bin/../lib/gcc/arm-none-eabi/9.3.1/../../../../arm-none-eabi/lib/thumb/v7-m/nofp/crt0.o (memset)

Allocating common symbols
Common symbol       size              file

uwTick              0x4               Drivers/STM32F1xx_HAL_Driver/Src/stm32f1xx_hal.o
pFlash              0x20              Drivers/STM32F1xx_HAL_Driver/Src/stm32f1xx_hal_flash.o
hsram1              0x48              Core/Src/fsmc.o

Discarded input sections

 .text          0x0000000000000000        0x0 c:/st/stm32cubeide_1.6.0/stm32cubeide/plugins/com.st.stm32cube.ide.mcu.externaltools.gnu-tools-for-stm32.9-2020-q2-update.win32_1.5.0.202011040924/tools/bin/../lib/gcc/arm-none-eabi/9.3.1/thumb/v7-m/nofp/crti.o
 .data          0x0000000000000000        0x0 c:/st/stm32cubeide_1.6.0/stm32cubeide/plugins/com.st.stm32cube.ide.mcu.externaltools.gnu-tools-for-stm32.9-2020-q2-update.win32_1.5.0.202011040924/tools/bin/../lib/gcc/arm-none-eabi/9.3.1/thumb/v7-m/nofp/crti.o
 .bss           0x0000000000000000        0x0 c:/st/stm32cubeide_1.6.0/stm32cubeide/plugins/com.st.stm32cube.ide.mcu.externaltools.gnu-tools-for-stm32.9-2020-q2-update.win32_1.5.0.202011040924/tools/bin/../lib/gcc/arm-none-eabi/9.3.1/thumb/v7-m/nofp/crti.o
 .data          0x0000000000000000        0x4 c:/st/stm32cubeide_1.6.0/stm32cubeide/plugins/com.st.stm32cube.ide.mcu.externaltools.gnu-tools-for-stm32.9-2020-q2-update.win32_1.5.0.202011040924/tools/bin/../lib/gcc/arm-none-eabi/9.3.1/thumb/v7-m/nofp/crtbegin.o
 .text          0x0000000000000000       0x7c c:/st/stm32cubeide_1.6.0/stm32cubeide/plugins/com.st.stm32cube.ide.mcu.externaltools.gnu-tools-for-stm32.9-2020-q2-update.win32_1.5.0.202011040924/tools/bin/../lib/gcc/arm-none-eabi/9.3.1/../../../../arm-none-eabi/lib/thumb/v7-m/nofp/crt0.o
 .data          0x0000000000000000        0x0 c:/st/stm32cubeide_1.6.0/stm32cubeide/plugins/com.st.stm32cube.ide.mcu.externaltools.gnu-tools-for-stm32.9-2020-q2-update.win32_1.5.0.202011040924/tools/bin/../lib/gcc/arm-none-eabi/9.3.1/../../../../arm-none-eabi/lib/thumb/v7-m/nofp/crt0.o
 .bss           0x0000000000000000        0x0 c:/st/stm32cubeide_1.6.0/stm32cubeide/plugins/com.st.stm32cube.ide.mcu.externaltools.gnu-tools-for-stm32.9-2020-q2-update.win32_1.5.0.202011040924/tools/bin/../lib/gcc/arm-none-eabi/9.3.1/../../../../arm-none-eabi/lib/thumb/v7-m/nofp/crt0.o
[...]
Memory Configuration

Name             Origin             Length             Attributes
RAM              0x0000000020000000 0x000000000000c000 xrw
FLASH            0x0000000008000000 0x0000000000040000 xr
*default*        0x0000000000000000 0xffffffffffffffff

Linker script and memory map

LOAD c:/st/stm32cubeide_1.6.0/stm32cubeide/plugins/com.st.stm32cube.ide.mcu.externaltools.gnu-tools-for-stm32.9-2020-q2-update.win32_1.5.0.202011040924/tools/bin/../lib/gcc/arm-none-eabi/9.3.1/thumb/v7-m/nofp/crti.o
LOAD c:/st/stm32cubeide_1.6.0/stm32cubeide/plugins/com.st.stm32cube.ide.mcu.externaltools.gnu-tools-for-stm32.9-2020-q2-update.win32_1.5.0.202011040924/tools/bin/../lib/gcc/arm-none-eabi/9.3.1/thumb/v7-m/nofp/crtbegin.o
LOAD c:/st/stm32cubeide_1.6.0/stm32cubeide/plugins/com.st.stm32cube.ide.mcu.externaltools.gnu-tools-for-stm32.9-2020-q2-update.win32_1.5.0.202011040924/tools/bin/../lib/gcc/arm-none-eabi/9.3.1/../../../../arm-none-eabi/lib/thumb/v7-m/nofp/crt0.o
LOAD Core/Src/fsmc.o
LOAD Core/Src/gpio.o
LOAD Core/Src/lcd.o
LOAD Core/Src/lcd28.o
LOAD Core/Src/lcd32.o
LOAD Core/Src/main.o
LOAD Core/Src/stm32f1xx_hal_msp.o
LOAD Core/Src/stm32f1xx_it.o
LOAD Core/Src/syscalls.o
LOAD Core/Src/sysmem.o
LOAD Core/Src/system_stm32f1xx.o
LOAD Core/Startup/startup_stm32f103vctx.o
LOAD Drivers/STM32F1xx_HAL_Driver/Src/stm32f1xx_hal.o
LOAD Drivers/STM32F1xx_HAL_Driver/Src/stm32f1xx_hal_cortex.o
LOAD Drivers/STM32F1xx_HAL_Driver/Src/stm32f1xx_hal_dma.o
LOAD Drivers/STM32F1xx_HAL_Driver/Src/stm32f1xx_hal_exti.o
LOAD Drivers/STM32F1xx_HAL_Driver/Src/stm32f1xx_hal_flash.o
LOAD Drivers/STM32F1xx_HAL_Driver/Src/stm32f1xx_hal_flash_ex.o
LOAD Drivers/STM32F1xx_HAL_Driver/Src/stm32f1xx_hal_gpio.o
LOAD Drivers/STM32F1xx_HAL_Driver/Src/stm32f1xx_hal_gpio_ex.o
LOAD Drivers/STM32F1xx_HAL_Driver/Src/stm32f1xx_hal_pwr.o
LOAD Drivers/STM32F1xx_HAL_Driver/Src/stm32f1xx_hal_rcc.o
LOAD Drivers/STM32F1xx_HAL_Driver/Src/stm32f1xx_hal_rcc_ex.o
LOAD Drivers/STM32F1xx_HAL_Driver/Src/stm32f1xx_hal_sram.o
LOAD Drivers/STM32F1xx_HAL_Driver/Src/stm32f1xx_hal_tim.o
LOAD Drivers/STM32F1xx_HAL_Driver/Src/stm32f1xx_hal_tim_ex.o
LOAD Drivers/STM32F1xx_HAL_Driver/Src/stm32f1xx_ll_fsmc.o
START GROUP
LOAD c:/st/stm32cubeide_1.6.0/stm32cubeide/plugins/com.st.stm32cube.ide.mcu.externaltools.gnu-tools-for-stm32.9-2020-q2-update.win32_1.5.0.202011040924/tools/bin/../lib/gcc/arm-none-eabi/9.3.1/../../../../arm-none-eabi/lib/thumb/v7-m/nofp\libc_nano.a
LOAD c:/st/stm32cubeide_1.6.0/stm32cubeide/plugins/com.st.stm32cube.ide.mcu.externaltools.gnu-tools-for-stm32.9-2020-q2-update.win32_1.5.0.202011040924/tools/bin/../lib/gcc/arm-none-eabi/9.3.1/../../../../arm-none-eabi/lib/thumb/v7-m/nofp\libm.a
END GROUP
START GROUP
LOAD c:/st/stm32cubeide_1.6.0/stm32cubeide/plugins/com.st.stm32cube.ide.mcu.externaltools.gnu-tools-for-stm32.9-2020-q2-update.win32_1.5.0.202011040924/tools/bin/../lib/gcc/arm-none-eabi/9.3.1/thumb/v7-m/nofp\libgcc.a
LOAD c:/st/stm32cubeide_1.6.0/stm32cubeide/plugins/com.st.stm32cube.ide.mcu.externaltools.gnu-tools-for-stm32.9-2020-q2-update.win32_1.5.0.202011040924/tools/bin/../lib/gcc/arm-none-eabi/9.3.1/../../../../arm-none-eabi/lib/thumb/v7-m/nofp\libc_nano.a
END GROUP
START GROUP
LOAD c:/st/stm32cubeide_1.6.0/stm32cubeide/plugins/com.st.stm32cube.ide.mcu.externaltools.gnu-tools-for-stm32.9-2020-q2-update.win32_1.5.0.202011040924/tools/bin/../lib/gcc/arm-none-eabi/9.3.1/thumb/v7-m/nofp\libgcc.a
LOAD c:/st/stm32cubeide_1.6.0/stm32cubeide/plugins/com.st.stm32cube.ide.mcu.externaltools.gnu-tools-for-stm32.9-2020-q2-update.win32_1.5.0.202011040924/tools/bin/../lib/gcc/arm-none-eabi/9.3.1/../../../../arm-none-eabi/lib/thumb/v7-m/nofp\libc_nano.a
LOAD c:/st/stm32cubeide_1.6.0/stm32cubeide/plugins/com.st.stm32cube.ide.mcu.externaltools.gnu-tools-for-stm32.9-2020-q2-update.win32_1.5.0.202011040924/tools/bin/../lib/gcc/arm-none-eabi/9.3.1/../../../../arm-none-eabi/lib/thumb/v7-m/nofp\libnosys.a
END GROUP
START GROUP
LOAD c:/st/stm32cubeide_1.6.0/stm32cubeide/plugins/com.st.stm32cube.ide.mcu.externaltools.gnu-tools-for-stm32.9-2020-q2-update.win32_1.5.0.202011040924/tools/bin/../lib/gcc/arm-none-eabi/9.3.1/thumb/v7-m/nofp\libgcc.a
LOAD c:/st/stm32cubeide_1.6.0/stm32cubeide/plugins/com.st.stm32cube.ide.mcu.externaltools.gnu-tools-for-stm32.9-2020-q2-update.win32_1.5.0.202011040924/tools/bin/../lib/gcc/arm-none-eabi/9.3.1/../../../../arm-none-eabi/lib/thumb/v7-m/nofp\libc_nano.a
LOAD c:/st/stm32cubeide_1.6.0/stm32cubeide/plugins/com.st.stm32cube.ide.mcu.externaltools.gnu-tools-for-stm32.9-2020-q2-update.win32_1.5.0.202011040924/tools/bin/../lib/gcc/arm-none-eabi/9.3.1/../../../../arm-none-eabi/lib/thumb/v7-m/nofp\libnosys.a
END GROUP
LOAD c:/st/stm32cubeide_1.6.0/stm32cubeide/plugins/com.st.stm32cube.ide.mcu.externaltools.gnu-tools-for-stm32.9-2020-q2-update.win32_1.5.0.202011040924/tools/bin/../lib/gcc/arm-none-eabi/9.3.1/thumb/v7-m/nofp/crtend.o
LOAD c:/st/stm32cubeide_1.6.0/stm32cubeide/plugins/com.st.stm32cube.ide.mcu.externaltools.gnu-tools-for-stm32.9-2020-q2-update.win32_1.5.0.202011040924/tools/bin/../lib/gcc/arm-none-eabi/9.3.1/thumb/v7-m/nofp/crtn.o
                0x000000002000c000                _estack = (ORIGIN (RAM) + LENGTH (RAM))
                0x0000000000000200                _Min_Heap_Size = 0x200
                0x0000000000000400                _Min_Stack_Size = 0x400

.isr_vector     0x0000000008000000      0x1e4
                0x0000000008000000                . = ALIGN (0x4)
 *(.isr_vector)
 .isr_vector    0x0000000008000000      0x1e4 Core/Startup/startup_stm32f103vctx.o
                0x0000000008000000                g_pfnVectors
                0x00000000080001e4                . = ALIGN (0x4)

.text           0x00000000080001e4     0x2348
                0x00000000080001e4                . = ALIGN (0x4)
 *(.text)
 .text          0x00000000080001e4       0x40 c:/st/stm32cubeide_1.6.0/stm32cubeide/plugins/com.st.stm32cube.ide.mcu.externaltools.gnu-tools-for-stm32.9-2020-q2-update.win32_1.5.0.202011040924/tools/bin/../lib/gcc/arm-none-eabi/9.3.1/thumb/v7-m/nofp/crtbegin.o
 *(.text*)
 .text.MX_FSMC_Init
                0x0000000008000224       0xc8 Core/Src/fsmc.o
                0x0000000008000224                MX_FSMC_Init
 .text.HAL_FSMC_MspInit
                0x00000000080002ec       0x88 Core/Src/fsmc.o
 .text.HAL_SRAM_MspInit
                0x0000000008000374       0x14 Core/Src/fsmc.o
                0x0000000008000374                HAL_SRAM_MspInit
 .text.MX_GPIO_Init
                0x0000000008000388       0x44 Core/Src/gpio.o
                0x0000000008000388                MX_GPIO_Init
 .text.lcd_rst  0x00000000080003cc       0x40 Core/Src/lcd.o
                0x00000000080003cc                lcd_rst
 .text.lcd_wr_reg
                0x000000000800040c       0x1c Core/Src/lcd.o
                0x000000000800040c                lcd_wr_reg
 .text.lcd_wr_reg_value
                0x0000000008000428       0x2c Core/Src/lcd.o
                0x0000000008000428                lcd_wr_reg_value
 .text.lcd_rd_data
                0x0000000008000454       0x24 Core/Src/lcd.o
                0x0000000008000454                lcd_rd_data
 .text.lcd_wr_data
                0x0000000008000478       0x20 Core/Src/lcd.o
                0x0000000008000478                lcd_wr_data
 .text.bsp_lcd32_init
                0x0000000008000498      0xc68 Core/Src/lcd32.o
                0x0000000008000498                bsp_lcd32_init
 .text.lcd32_writeram_prepare
                0x0000000008001100        0xe Core/Src/lcd32.o
                0x0000000008001100                lcd32_writeram_prepare
 *fill*         0x000000000800110e        0x2 
 .text.lcd32_setcursor
                0x0000000008001110       0x9c Core/Src/lcd32.o
                0x0000000008001110                lcd32_setcursor
 .text.lcd32_clear_screen
                0x00000000080011ac       0x8c Core/Src/lcd32.o
                0x00000000080011ac                lcd32_clear_screen
 .text.lcd32_draw_point_color
                0x0000000008001238       0x30 Core/Src/lcd32.o
                0x0000000008001238                lcd32_draw_point_color
 .text.main     0x0000000008001268       0x70 Core/Src/main.o
                0x0000000008001268                main
 .text.SystemClock_Config
                0x00000000080012d8       0x8a Core/Src/main.o
                0x00000000080012d8                SystemClock_Config
 .text.Error_Handler
                0x0000000008001362        0xa Core/Src/main.o
                0x0000000008001362                Error_Handler
 .text.HAL_MspInit
                0x000000000800136c       0x64 Core/Src/stm32f1xx_hal_msp.o
                0x000000000800136c                HAL_MspInit
 .text.NMI_Handler
                0x00000000080013d0        0x6 Core/Src/stm32f1xx_it.o
                0x00000000080013d0                NMI_Handler
 .text.HardFault_Handler
                0x00000000080013d6        0x6 Core/Src/stm32f1xx_it.o
                0x00000000080013d6                HardFault_Handler
 .text.MemManage_Handler
                0x00000000080013dc        0x6 Core/Src/stm32f1xx_it.o
                0x00000000080013dc                MemManage_Handler
 .text.BusFault_Handler
                0x00000000080013e2        0x6 Core/Src/stm32f1xx_it.o
                0x00000000080013e2                BusFault_Handler
 .text.UsageFault_Handler
                0x00000000080013e8        0x6 Core/Src/stm32f1xx_it.o
                0x00000000080013e8                UsageFault_Handler
 .text.SVC_Handler
                0x00000000080013ee        0xc Core/Src/stm32f1xx_it.o
                0x00000000080013ee                SVC_Handler
 .text.DebugMon_Handler
                0x00000000080013fa        0xc Core/Src/stm32f1xx_it.o
                0x00000000080013fa                DebugMon_Handler
 .text.PendSV_Handler
                0x0000000008001406        0xc Core/Src/stm32f1xx_it.o
                0x0000000008001406                PendSV_Handler
 .text.SysTick_Handler
                0x0000000008001412        0xc Core/Src/stm32f1xx_it.o
                0x0000000008001412                SysTick_Handler
 .text.SystemInit
                0x000000000800141e        0xc Core/Src/system_stm32f1xx.o
                0x000000000800141e                SystemInit
 *fill*         0x000000000800142a        0x2 
 .text.Reset_Handler
                0x000000000800142c       0x48 Core/Startup/startup_stm32f103vctx.o
                0x000000000800142c                Reset_Handler
 .text.Default_Handler
                0x0000000008001474        0x2 Core/Startup/startup_stm32f103vctx.o
                0x0000000008001474                RTC_Alarm_IRQHandler
                0x0000000008001474                EXTI2_IRQHandler
                0x0000000008001474                TIM8_TRG_COM_IRQHandler
                0x0000000008001474                TIM8_CC_IRQHandler
                0x0000000008001474                TIM1_CC_IRQHandler
                0x0000000008001474                TIM6_IRQHandler
                0x0000000008001474                PVD_IRQHandler
                0x0000000008001474                SDIO_IRQHandler
                0x0000000008001474                EXTI3_IRQHandler
                0x0000000008001474                EXTI0_IRQHandler
                0x0000000008001474                I2C2_EV_IRQHandler
                0x0000000008001474                ADC1_2_IRQHandler
                0x0000000008001474                SPI1_IRQHandler
                0x0000000008001474                TAMPER_IRQHandler
                0x0000000008001474                TIM8_UP_IRQHandler
                0x0000000008001474                DMA2_Channel2_IRQHandler
                0x0000000008001474                DMA1_Channel4_IRQHandler
                0x0000000008001474                USART3_IRQHandler
                0x0000000008001474                RTC_IRQHandler
                0x0000000008001474                DMA1_Channel7_IRQHandler
                0x0000000008001474                CAN1_RX1_IRQHandler
                0x0000000008001474                UART5_IRQHandler
                0x0000000008001474                ADC3_IRQHandler
                0x0000000008001474                TIM4_IRQHandler
                0x0000000008001474                DMA2_Channel1_IRQHandler
                0x0000000008001474                I2C1_EV_IRQHandler
                0x0000000008001474                DMA1_Channel6_IRQHandler
                0x0000000008001474                UART4_IRQHandler
                0x0000000008001474                TIM3_IRQHandler
                0x0000000008001474                RCC_IRQHandler
                0x0000000008001474                TIM1_TRG_COM_IRQHandler
                0x0000000008001474                DMA1_Channel1_IRQHandler
                0x0000000008001474                Default_Handler
                0x0000000008001474                EXTI15_10_IRQHandler
                0x0000000008001474                TIM7_IRQHandler
                0x0000000008001474                TIM5_IRQHandler
                0x0000000008001474                EXTI9_5_IRQHandler
                0x0000000008001474                SPI2_IRQHandler
                0x0000000008001474                DMA1_Channel5_IRQHandler
                0x0000000008001474                EXTI4_IRQHandler
                0x0000000008001474                USB_LP_CAN1_RX0_IRQHandler
                0x0000000008001474                USB_HP_CAN1_TX_IRQHandler
                0x0000000008001474                DMA1_Channel3_IRQHandler
                0x0000000008001474                FSMC_IRQHandler
                0x0000000008001474                TIM1_UP_IRQHandler
                0x0000000008001474                WWDG_IRQHandler
                0x0000000008001474                TIM2_IRQHandler
                0x0000000008001474                TIM1_BRK_IRQHandler
                0x0000000008001474                EXTI1_IRQHandler
                0x0000000008001474                DMA2_Channel4_5_IRQHandler
                0x0000000008001474                USART2_IRQHandler
                0x0000000008001474                I2C2_ER_IRQHandler
                0x0000000008001474                DMA1_Channel2_IRQHandler
                0x0000000008001474                TIM8_BRK_IRQHandler
                0x0000000008001474                CAN1_SCE_IRQHandler
                0x0000000008001474                FLASH_IRQHandler
                0x0000000008001474                USART1_IRQHandler
                0x0000000008001474                SPI3_IRQHandler
                0x0000000008001474                I2C1_ER_IRQHandler
                0x0000000008001474                USBWakeUp_IRQHandler
                0x0000000008001474                DMA2_Channel3_IRQHandler
 *fill*         0x0000000008001476        0x2 
 .text.HAL_Init
                0x0000000008001478       0x2c Drivers/STM32F1xx_HAL_Driver/Src/stm32f1xx_hal.o
                0x0000000008001478                HAL_Init
 .text.HAL_InitTick
                0x00000000080014a4       0x60 Drivers/STM32F1xx_HAL_Driver/Src/stm32f1xx_hal.o
                0x00000000080014a4                HAL_InitTick
 .text.HAL_IncTick
                0x0000000008001504       0x24 Drivers/STM32F1xx_HAL_Driver/Src/stm32f1xx_hal.o
                0x0000000008001504                HAL_IncTick
 .text.HAL_GetTick
                0x0000000008001528       0x14 Drivers/STM32F1xx_HAL_Driver/Src/stm32f1xx_hal.o
                0x0000000008001528                HAL_GetTick
 .text.HAL_Delay
                0x000000000800153c       0x48 Drivers/STM32F1xx_HAL_Driver/Src/stm32f1xx_hal.o
                0x000000000800153c                HAL_Delay
 .text.__NVIC_SetPriorityGrouping
                0x0000000008001584       0x48 Drivers/STM32F1xx_HAL_Driver/Src/stm32f1xx_hal_cortex.o
 .text.__NVIC_GetPriorityGrouping
                0x00000000080015cc       0x1c Drivers/STM32F1xx_HAL_Driver/Src/stm32f1xx_hal_cortex.o
 .text.__NVIC_SetPriority
                0x00000000080015e8       0x54 Drivers/STM32F1xx_HAL_Driver/Src/stm32f1xx_hal_cortex.o
 .text.NVIC_EncodePriority
                0x000000000800163c       0x64 Drivers/STM32F1xx_HAL_Driver/Src/stm32f1xx_hal_cortex.o
 .text.SysTick_Config
                0x00000000080016a0       0x44 Drivers/STM32F1xx_HAL_Driver/Src/stm32f1xx_hal_cortex.o
 .text.HAL_NVIC_SetPriorityGrouping
                0x00000000080016e4       0x16 Drivers/STM32F1xx_HAL_Driver/Src/stm32f1xx_hal_cortex.o
                0x00000000080016e4                HAL_NVIC_SetPriorityGrouping
 .text.HAL_NVIC_SetPriority
                0x00000000080016fa       0x38 Drivers/STM32F1xx_HAL_Driver/Src/stm32f1xx_hal_cortex.o
                0x00000000080016fa                HAL_NVIC_SetPriority
 .text.HAL_SYSTICK_Config
                0x0000000008001732       0x18 Drivers/STM32F1xx_HAL_Driver/Src/stm32f1xx_hal_cortex.o
                0x0000000008001732                HAL_SYSTICK_Config
 *fill*         0x000000000800174a        0x2 
 .text.HAL_GPIO_Init
                0x000000000800174c      0x328 Drivers/STM32F1xx_HAL_Driver/Src/stm32f1xx_hal_gpio.o
                0x000000000800174c                HAL_GPIO_Init
 .text.HAL_GPIO_WritePin
                0x0000000008001a74       0x30 Drivers/STM32F1xx_HAL_Driver/Src/stm32f1xx_hal_gpio.o
                0x0000000008001a74                HAL_GPIO_WritePin
 .text.HAL_RCC_OscConfig
                0x0000000008001aa4      0x500 Drivers/STM32F1xx_HAL_Driver/Src/stm32f1xx_hal_rcc.o
                0x0000000008001aa4                HAL_RCC_OscConfig
 .text.HAL_RCC_ClockConfig
                0x0000000008001fa4      0x1d4 Drivers/STM32F1xx_HAL_Driver/Src/stm32f1xx_hal_rcc.o
                0x0000000008001fa4                HAL_RCC_ClockConfig
 .text.HAL_RCC_GetSysClockFreq
                0x0000000008002178       0xc0 Drivers/STM32F1xx_HAL_Driver/Src/stm32f1xx_hal_rcc.o
                0x0000000008002178                HAL_RCC_GetSysClockFreq
 .text.RCC_Delay
                0x0000000008002238       0x3c Drivers/STM32F1xx_HAL_Driver/Src/stm32f1xx_hal_rcc.o
 .text.HAL_SRAM_Init
                0x0000000008002274       0x9a Drivers/STM32F1xx_HAL_Driver/Src/stm32f1xx_hal_sram.o
                0x0000000008002274                HAL_SRAM_Init
 *fill*         0x000000000800230e        0x2 
 .text.FSMC_NORSRAM_Init
                0x0000000008002310       0xd4 Drivers/STM32F1xx_HAL_Driver/Src/stm32f1xx_ll_fsmc.o
                0x0000000008002310                FSMC_NORSRAM_Init
 .text.FSMC_NORSRAM_Timing_Init
                0x00000000080023e4       0x68 Drivers/STM32F1xx_HAL_Driver/Src/stm32f1xx_ll_fsmc.o
                0x00000000080023e4                FSMC_NORSRAM_Timing_Init
 .text.FSMC_NORSRAM_Extended_Timing_Init
                0x000000000800244c       0x70 Drivers/STM32F1xx_HAL_Driver/Src/stm32f1xx_ll_fsmc.o
                0x000000000800244c                FSMC_NORSRAM_Extended_Timing_Init
 .text.__libc_init_array
                0x00000000080024bc       0x48 c:/st/stm32cubeide_1.6.0/stm32cubeide/plugins/com.st.stm32cube.ide.mcu.externaltools.gnu-tools-for-stm32.9-2020-q2-update.win32_1.5.0.202011040924/tools/bin/../lib/gcc/arm-none-eabi/9.3.1/../../../../arm-none-eabi/lib/thumb/v7-m/nofp\libc_nano.a(lib_a-init.o)
                0x00000000080024bc                __libc_init_array
 .text.memset   0x0000000008002504       0x10 c:/st/stm32cubeide_1.6.0/stm32cubeide/plugins/com.st.stm32cube.ide.mcu.externaltools.gnu-tools-for-stm32.9-2020-q2-update.win32_1.5.0.202011040924/tools/bin/../lib/gcc/arm-none-eabi/9.3.1/../../../../arm-none-eabi/lib/thumb/v7-m/nofp\libc_nano.a(lib_a-memset.o)
                0x0000000008002504                memset
 *(.glue_7)
 .glue_7        0x0000000008002514        0x0 linker stubs
 *(.glue_7t)
 .glue_7t       0x0000000008002514        0x0 linker stubs
 *(.eh_frame)
 .eh_frame      0x0000000008002514        0x0 c:/st/stm32cubeide_1.6.0/stm32cubeide/plugins/com.st.stm32cube.ide.mcu.externaltools.gnu-tools-for-stm32.9-2020-q2-update.win32_1.5.0.202011040924/tools/bin/../lib/gcc/arm-none-eabi/9.3.1/thumb/v7-m/nofp/crtbegin.o
 *(.init)
 .init          0x0000000008002514        0x4 c:/st/stm32cubeide_1.6.0/stm32cubeide/plugins/com.st.stm32cube.ide.mcu.externaltools.gnu-tools-for-stm32.9-2020-q2-update.win32_1.5.0.202011040924/tools/bin/../lib/gcc/arm-none-eabi/9.3.1/thumb/v7-m/nofp/crti.o
                0x0000000008002514                _init
 .init          0x0000000008002518        0x8 c:/st/stm32cubeide_1.6.0/stm32cubeide/plugins/com.st.stm32cube.ide.mcu.externaltools.gnu-tools-for-stm32.9-2020-q2-update.win32_1.5.0.202011040924/tools/bin/../lib/gcc/arm-none-eabi/9.3.1/thumb/v7-m/nofp/crtn.o
 *(.fini)
 .fini          0x0000000008002520        0x4 c:/st/stm32cubeide_1.6.0/stm32cubeide/plugins/com.st.stm32cube.ide.mcu.externaltools.gnu-tools-for-stm32.9-2020-q2-update.win32_1.5.0.202011040924/tools/bin/../lib/gcc/arm-none-eabi/9.3.1/thumb/v7-m/nofp/crti.o
                0x0000000008002520                _fini
 .fini          0x0000000008002524        0x8 c:/st/stm32cubeide_1.6.0/stm32cubeide/plugins/com.st.stm32cube.ide.mcu.externaltools.gnu-tools-for-stm32.9-2020-q2-update.win32_1.5.0.202011040924/tools/bin/../lib/gcc/arm-none-eabi/9.3.1/thumb/v7-m/nofp/crtn.o
                0x000000000800252c                . = ALIGN (0x4)
                0x000000000800252c                _etext = .

.vfp11_veneer   0x000000000800252c        0x0
 .vfp11_veneer  0x000000000800252c        0x0 linker stubs

.v4_bx          0x000000000800252c        0x0
 .v4_bx         0x000000000800252c        0x0 linker stubs

.iplt           0x000000000800252c        0x0
 .iplt          0x000000000800252c        0x0 c:/st/stm32cubeide_1.6.0/stm32cubeide/plugins/com.st.stm32cube.ide.mcu.externaltools.gnu-tools-for-stm32.9-2020-q2-update.win32_1.5.0.202011040924/tools/bin/../lib/gcc/arm-none-eabi/9.3.1/thumb/v7-m/nofp/crtbegin.o

.rodata         0x000000000800252c    0x260e8
                0x000000000800252c                . = ALIGN (0x4)
 *(.rodata)
 .rodata        0x000000000800252c       0x10 Drivers/STM32F1xx_HAL_Driver/Src/stm32f1xx_hal_rcc.o
 *(.rodata*)
 .rodata.image_data_Image
                0x000000000800253c    0x260c8 Core/Src/main.o
 .rodata.AHBPrescTable
                0x0000000008028604       0x10 Core/Src/system_stm32f1xx.o
                0x0000000008028604                AHBPrescTable
                0x0000000008028614                . = ALIGN (0x4)

.rel.dyn        0x0000000008028614        0x0
 .rel.iplt      0x0000000008028614        0x0 c:/st/stm32cubeide_1.6.0/stm32cubeide/plugins/com.st.stm32cube.ide.mcu.externaltools.gnu-tools-for-stm32.9-2020-q2-update.win32_1.5.0.202011040924/tools/bin/../lib/gcc/arm-none-eabi/9.3.1/thumb/v7-m/nofp/crtbegin.o

.ARM.extab      0x0000000008028614        0x0
                0x0000000008028614                . = ALIGN (0x4)
 *(.ARM.extab* .gnu.linkonce.armextab.*)
                0x0000000008028614                . = ALIGN (0x4)

.ARM            0x0000000008028614        0x0
                0x0000000008028614                . = ALIGN (0x4)
                0x0000000008028614                __exidx_start = .
 *(.ARM.exidx*)
                0x0000000008028614                __exidx_end = .
                0x0000000008028614                . = ALIGN (0x4)

.preinit_array  0x0000000008028614        0x0
                0x0000000008028614                . = ALIGN (0x4)
                0x0000000008028614                PROVIDE (__preinit_array_start = .)
 *(.preinit_array*)
                0x0000000008028614                PROVIDE (__preinit_array_end = .)
                0x0000000008028614                . = ALIGN (0x4)

.init_array     0x0000000008028614        0x4
                0x0000000008028614                . = ALIGN (0x4)
                0x0000000008028614                PROVIDE (__init_array_start = .)
 *(SORT_BY_NAME(.init_array.*))
 *(.init_array*)
 .init_array    0x0000000008028614        0x4 c:/st/stm32cubeide_1.6.0/stm32cubeide/plugins/com.st.stm32cube.ide.mcu.externaltools.gnu-tools-for-stm32.9-2020-q2-update.win32_1.5.0.202011040924/tools/bin/../lib/gcc/arm-none-eabi/9.3.1/thumb/v7-m/nofp/crtbegin.o
                0x0000000008028618                PROVIDE (__init_array_end = .)
                0x0000000008028618                . = ALIGN (0x4)

.fini_array     0x0000000008028618        0x4
                0x0000000008028618                . = ALIGN (0x4)
                [!provide]                        PROVIDE (__fini_array_start = .)
 *(SORT_BY_NAME(.fini_array.*))
 *(.fini_array*)
 .fini_array    0x0000000008028618        0x4 c:/st/stm32cubeide_1.6.0/stm32cubeide/plugins/com.st.stm32cube.ide.mcu.externaltools.gnu-tools-for-stm32.9-2020-q2-update.win32_1.5.0.202011040924/tools/bin/../lib/gcc/arm-none-eabi/9.3.1/thumb/v7-m/nofp/crtbegin.o
                [!provide]                        PROVIDE (__fini_array_end = .)
                0x000000000802861c                . = ALIGN (0x4)
                0x000000000802861c                _sidata = LOADADDR (.data)

.data           0x0000000020000000        0xc load address 0x000000000802861c
                0x0000000020000000                . = ALIGN (0x4)
                0x0000000020000000                _sdata = .
 *(.data)
 *(.data*)
 .data.SystemCoreClock
                0x0000000020000000        0x4 Core/Src/system_stm32f1xx.o
                0x0000000020000000                SystemCoreClock
 .data.uwTickPrio
                0x0000000020000004        0x4 Drivers/STM32F1xx_HAL_Driver/Src/stm32f1xx_hal.o
                0x0000000020000004                uwTickPrio
 .data.uwTickFreq
                0x0000000020000008        0x1 Drivers/STM32F1xx_HAL_Driver/Src/stm32f1xx_hal.o
                0x0000000020000008                uwTickFreq
 *(.RamFunc)
 *(.RamFunc*)
                0x000000002000000c                . = ALIGN (0x4)
 *fill*         0x0000000020000009        0x3 
                0x000000002000000c                _edata = .

.igot.plt       0x000000002000000c        0x0 load address 0x0000000008028628
 .igot.plt      0x000000002000000c        0x0 c:/st/stm32cubeide_1.6.0/stm32cubeide/plugins/com.st.stm32cube.ide.mcu.externaltools.gnu-tools-for-stm32.9-2020-q2-update.win32_1.5.0.202011040924/tools/bin/../lib/gcc/arm-none-eabi/9.3.1/thumb/v7-m/nofp/crtbegin.o
                0x000000002000000c                . = ALIGN (0x4)

.bss            0x000000002000000c       0x70 load address 0x0000000008028628
                0x000000002000000c                _sbss = .
                0x000000002000000c                __bss_start__ = _sbss
 *(.bss)
 .bss           0x000000002000000c       0x1c c:/st/stm32cubeide_1.6.0/stm32cubeide/plugins/com.st.stm32cube.ide.mcu.externaltools.gnu-tools-for-stm32.9-2020-q2-update.win32_1.5.0.202011040924/tools/bin/../lib/gcc/arm-none-eabi/9.3.1/thumb/v7-m/nofp/crtbegin.o
 *(.bss*)
 .bss.FSMC_Initialized
                0x0000000020000028        0x4 Core/Src/fsmc.o
 .bss.lcd_id    0x000000002000002c        0x2 Core/Src/lcd.o
                0x000000002000002c                lcd_id
 *(COMMON)
 *fill*         0x000000002000002e        0x2 
 COMMON         0x0000000020000030       0x48 Core/Src/fsmc.o
                0x0000000020000030                hsram1
 COMMON         0x0000000020000078        0x4 Drivers/STM32F1xx_HAL_Driver/Src/stm32f1xx_hal.o
                0x0000000020000078                uwTick
                0x000000002000007c                . = ALIGN (0x4)
                0x000000002000007c                _ebss = .
                0x000000002000007c                __bss_end__ = _ebss

._user_heap_stack
                0x000000002000007c      0x604 load address 0x0000000008028628
                0x0000000020000080                . = ALIGN (0x8)
 *fill*         0x000000002000007c        0x4 
                [!provide]                        PROVIDE (end = .)
                0x0000000020000080                PROVIDE (_end = .)
                0x0000000020000280                . = (. + _Min_Heap_Size)
 *fill*         0x0000000020000080      0x200 
                0x0000000020000680                . = (. + _Min_Stack_Size)
 *fill*         0x0000000020000280      0x400 
                0x0000000020000680                . = ALIGN (0x8)

/DISCARD/
 libc.a(*)
 libm.a(*)
 libgcc.a(*)

.ARM.attributes
                0x0000000000000000       0x29
 *(.ARM.attributes)
 .ARM.attributes
                0x0000000000000000       0x1d c:/st/stm32cubeide_1.6.0/stm32cubeide/plugins/com.st.stm32cube.ide.mcu.externaltools.gnu-tools-for-stm32.9-2020-q2-update.win32_1.5.0.202011040924/tools/bin/../lib/gcc/arm-none-eabi/9.3.1/thumb/v7-m/nofp/crti.o
 .ARM.attributes
                0x000000000000001d       0x2d c:/st/stm32cubeide_1.6.0/stm32cubeide/plugins/com.st.stm32cube.ide.mcu.externaltools.gnu-tools-for-stm32.9-2020-q2-update.win32_1.5.0.202011040924/tools/bin/../lib/gcc/arm-none-eabi/9.3.1/thumb/v7-m/nofp/crtbegin.o
 .ARM.attributes
                0x000000000000004a       0x2d Core/Src/fsmc.o
 .ARM.attributes
                0x0000000000000077       0x2d Core/Src/gpio.o
 .ARM.attributes
                0x00000000000000a4       0x2d Core/Src/lcd.o
 .ARM.attributes
                0x00000000000000d1       0x2d Core/Src/lcd32.o
 .ARM.attributes
                0x00000000000000fe       0x2d Core/Src/main.o
 .ARM.attributes
                0x000000000000012b       0x2d Core/Src/stm32f1xx_hal_msp.o
 .ARM.attributes
                0x0000000000000158       0x2d Core/Src/stm32f1xx_it.o
 .ARM.attributes
                0x0000000000000185       0x2d Core/Src/system_stm32f1xx.o
 .ARM.attributes
                0x00000000000001b2       0x21 Core/Startup/startup_stm32f103vctx.o
 .ARM.attributes
                0x00000000000001d3       0x2d Drivers/STM32F1xx_HAL_Driver/Src/stm32f1xx_hal.o
 .ARM.attributes
                0x0000000000000200       0x2d Drivers/STM32F1xx_HAL_Driver/Src/stm32f1xx_hal_cortex.o
 .ARM.attributes
                0x000000000000022d       0x2d Drivers/STM32F1xx_HAL_Driver/Src/stm32f1xx_hal_gpio.o
 .ARM.attributes
                0x000000000000025a       0x2d Drivers/STM32F1xx_HAL_Driver/Src/stm32f1xx_hal_rcc.o
 .ARM.attributes
                0x0000000000000287       0x2d Drivers/STM32F1xx_HAL_Driver/Src/stm32f1xx_hal_sram.o
 .ARM.attributes
                0x00000000000002b4       0x2d Drivers/STM32F1xx_HAL_Driver/Src/stm32f1xx_ll_fsmc.o
 .ARM.attributes
                0x00000000000002e1       0x2d c:/st/stm32cubeide_1.6.0/stm32cubeide/plugins/com.st.stm32cube.ide.mcu.externaltools.gnu-tools-for-stm32.9-2020-q2-update.win32_1.5.0.202011040924/tools/bin/../lib/gcc/arm-none-eabi/9.3.1/../../../../arm-none-eabi/lib/thumb/v7-m/nofp\libc_nano.a(lib_a-init.o)
 .ARM.attributes
                0x000000000000030e       0x2d c:/st/stm32cubeide_1.6.0/stm32cubeide/plugins/com.st.stm32cube.ide.mcu.externaltools.gnu-tools-for-stm32.9-2020-q2-update.win32_1.5.0.202011040924/tools/bin/../lib/gcc/arm-none-eabi/9.3.1/../../../../arm-none-eabi/lib/thumb/v7-m/nofp\libc_nano.a(lib_a-memset.o)
 .ARM.attributes
                0x000000000000033b       0x1d c:/st/stm32cubeide_1.6.0/stm32cubeide/plugins/com.st.stm32cube.ide.mcu.externaltools.gnu-tools-for-stm32.9-2020-q2-update.win32_1.5.0.202011040924/tools/bin/../lib/gcc/arm-none-eabi/9.3.1/thumb/v7-m/nofp/crtn.o
OUTPUT(GLCD_picture.elf elf32-littlearm)
LOAD linker stubs
LOAD c:/st/stm32cubeide_1.6.0/stm32cubeide/plugins/com.st.stm32cube.ide.mcu.externaltools.gnu-tools-for-stm32.9-2020-q2-update.win32_1.5.0.202011040924/tools/bin/../lib/gcc/arm-none-eabi/9.3.1/../../../../arm-none-eabi/lib/thumb/v7-m/nofp\libc.a
LOAD c:/st/stm32cubeide_1.6.0/stm32cubeide/plugins/com.st.stm32cube.ide.mcu.externaltools.gnu-tools-for-stm32.9-2020-q2-update.win32_1.5.0.202011040924/tools/bin/../lib/gcc/arm-none-eabi/9.3.1/../../../../arm-none-eabi/lib/thumb/v7-m/nofp\libm.a
LOAD c:/st/stm32cubeide_1.6.0/stm32cubeide/plugins/com.st.stm32cube.ide.mcu.externaltools.gnu-tools-for-stm32.9-2020-q2-update.win32_1.5.0.202011040924/tools/bin/../lib/gcc/arm-none-eabi/9.3.1/thumb/v7-m/nofp\libgcc.a

.debug_info     0x0000000000000000     0x6cf0
 .debug_info    0x0000000000000000      0x92f Core/Src/fsmc.o
 .debug_info    0x000000000000092f      0x26c Core/Src/gpio.o
 .debug_info    0x0000000000000b9b      0x47e Core/Src/lcd.o
 .debug_info    0x0000000000001019     0x113d Core/Src/lcd32.o
 .debug_info    0x0000000000002156      0x7c9 Core/Src/main.o
 .debug_info    0x000000000000291f      0x2fc Core/Src/stm32f1xx_hal_msp.o
 .debug_info    0x0000000000002c1b      0x222 Core/Src/stm32f1xx_it.o
 .debug_info    0x0000000000002e3d      0x2be Core/Src/system_stm32f1xx.o
 .debug_info    0x00000000000030fb       0x22 Core/Startup/startup_stm32f103vctx.o
 .debug_info    0x000000000000311d      0x7d0 Drivers/STM32F1xx_HAL_Driver/Src/stm32f1xx_hal.o
 .debug_info    0x00000000000038ed      0xc42 Drivers/STM32F1xx_HAL_Driver/Src/stm32f1xx_hal_cortex.o
 .debug_info    0x000000000000452f      0x701 Drivers/STM32F1xx_HAL_Driver/Src/stm32f1xx_hal_gpio.o
 .debug_info    0x0000000000004c30      0x88e Drivers/STM32F1xx_HAL_Driver/Src/stm32f1xx_hal_rcc.o
 .debug_info    0x00000000000054be      0xd4b Drivers/STM32F1xx_HAL_Driver/Src/stm32f1xx_hal_sram.o
 .debug_info    0x0000000000006209      0xae7 Drivers/STM32F1xx_HAL_Driver/Src/stm32f1xx_ll_fsmc.o

.debug_abbrev   0x0000000000000000     0x190b
 .debug_abbrev  0x0000000000000000      0x1e2 Core/Src/fsmc.o
 .debug_abbrev  0x00000000000001e2      0x11d Core/Src/gpio.o
 .debug_abbrev  0x00000000000002ff      0x1a7 Core/Src/lcd.o
 .debug_abbrev  0x00000000000004a6      0x249 Core/Src/lcd32.o
 .debug_abbrev  0x00000000000006ef      0x1d2 Core/Src/main.o
 .debug_abbrev  0x00000000000008c1      0x11d Core/Src/stm32f1xx_hal_msp.o
 .debug_abbrev  0x00000000000009de       0xd2 Core/Src/stm32f1xx_it.o
 .debug_abbrev  0x0000000000000ab0      0x14e Core/Src/system_stm32f1xx.o
 .debug_abbrev  0x0000000000000bfe       0x12 Core/Startup/startup_stm32f103vctx.o
 .debug_abbrev  0x0000000000000c10      0x1ed Drivers/STM32F1xx_HAL_Driver/Src/stm32f1xx_hal.o
 .debug_abbrev  0x0000000000000dfd      0x313 Drivers/STM32F1xx_HAL_Driver/Src/stm32f1xx_hal_cortex.o
 .debug_abbrev  0x0000000000001110      0x1e8 Drivers/STM32F1xx_HAL_Driver/Src/stm32f1xx_hal_gpio.o
 .debug_abbrev  0x00000000000012f8      0x273 Drivers/STM32F1xx_HAL_Driver/Src/stm32f1xx_hal_rcc.o
 .debug_abbrev  0x000000000000156b      0x1f2 Drivers/STM32F1xx_HAL_Driver/Src/stm32f1xx_hal_sram.o
 .debug_abbrev  0x000000000000175d      0x1ae Drivers/STM32F1xx_HAL_Driver/Src/stm32f1xx_ll_fsmc.o

.debug_aranges  0x0000000000000000      0x688
 .debug_aranges
                0x0000000000000000       0x40 Core/Src/fsmc.o
 .debug_aranges
                0x0000000000000040       0x20 Core/Src/gpio.o
 .debug_aranges
                0x0000000000000060       0x68 Core/Src/lcd.o
 .debug_aranges
                0x00000000000000c8       0x98 Core/Src/lcd32.o
 .debug_aranges
                0x0000000000000160       0x30 Core/Src/main.o
 .debug_aranges
                0x0000000000000190       0x20 Core/Src/stm32f1xx_hal_msp.o
 .debug_aranges
                0x00000000000001b0       0x60 Core/Src/stm32f1xx_it.o
 .debug_aranges
                0x0000000000000210       0x28 Core/Src/system_stm32f1xx.o
 .debug_aranges
                0x0000000000000238       0x28 Core/Startup/startup_stm32f103vctx.o
 .debug_aranges
                0x0000000000000260       0xe0 Drivers/STM32F1xx_HAL_Driver/Src/stm32f1xx_hal.o
 .debug_aranges
                0x0000000000000340      0x100 Drivers/STM32F1xx_HAL_Driver/Src/stm32f1xx_hal_cortex.o
 .debug_aranges
                0x0000000000000440       0x58 Drivers/STM32F1xx_HAL_Driver/Src/stm32f1xx_hal_gpio.o
 .debug_aranges
                0x0000000000000498       0x90 Drivers/STM32F1xx_HAL_Driver/Src/stm32f1xx_hal_rcc.o
 .debug_aranges
                0x0000000000000528       0xb8 Drivers/STM32F1xx_HAL_Driver/Src/stm32f1xx_hal_sram.o
 .debug_aranges
                0x00000000000005e0       0xa8 Drivers/STM32F1xx_HAL_Driver/Src/stm32f1xx_ll_fsmc.o

.debug_ranges   0x0000000000000000      0x5a0
 .debug_ranges  0x0000000000000000       0x30 Core/Src/fsmc.o
 .debug_ranges  0x0000000000000030       0x10 Core/Src/gpio.o
 .debug_ranges  0x0000000000000040       0x58 Core/Src/lcd.o
 .debug_ranges  0x0000000000000098       0x88 Core/Src/lcd32.o
 .debug_ranges  0x0000000000000120       0x20 Core/Src/main.o
 .debug_ranges  0x0000000000000140       0x10 Core/Src/stm32f1xx_hal_msp.o
 .debug_ranges  0x0000000000000150       0x50 Core/Src/stm32f1xx_it.o
 .debug_ranges  0x00000000000001a0       0x18 Core/Src/system_stm32f1xx.o
 .debug_ranges  0x00000000000001b8       0x20 Core/Startup/startup_stm32f103vctx.o
 .debug_ranges  0x00000000000001d8       0xd0 Drivers/STM32F1xx_HAL_Driver/Src/stm32f1xx_hal.o
 .debug_ranges  0x00000000000002a8       0xf0 Drivers/STM32F1xx_HAL_Driver/Src/stm32f1xx_hal_cortex.o
 .debug_ranges  0x0000000000000398       0x48 Drivers/STM32F1xx_HAL_Driver/Src/stm32f1xx_hal_gpio.o
 .debug_ranges  0x00000000000003e0       0x80 Drivers/STM32F1xx_HAL_Driver/Src/stm32f1xx_hal_rcc.o
 .debug_ranges  0x0000000000000460       0xa8 Drivers/STM32F1xx_HAL_Driver/Src/stm32f1xx_hal_sram.o
 .debug_ranges  0x0000000000000508       0x98 Drivers/STM32F1xx_HAL_Driver/Src/stm32f1xx_ll_fsmc.o

.debug_macro    0x0000000000000000    0x18973
 .debug_macro   0x0000000000000000      0x1b2 Core/Src/fsmc.o
 .debug_macro   0x00000000000001b2      0xa9c Core/Src/fsmc.o
 .debug_macro   0x0000000000000c4e      0x215 Core/Src/fsmc.o
 .debug_macro   0x0000000000000e63       0x2e Core/Src/fsmc.o
 .debug_macro   0x0000000000000e91       0x22 Core/Src/fsmc.o
 .debug_macro   0x0000000000000eb3       0x22 Core/Src/fsmc.o
 .debug_macro   0x0000000000000ed5       0x8e Core/Src/fsmc.o
 .debug_macro   0x0000000000000f63       0x51 Core/Src/fsmc.o
 .debug_macro   0x0000000000000fb4      0x103 Core/Src/fsmc.o
 .debug_macro   0x00000000000010b7       0x6a Core/Src/fsmc.o
 .debug_macro   0x0000000000001121      0x1df Core/Src/fsmc.o
 .debug_macro   0x0000000000001300       0x1c Core/Src/fsmc.o
 .debug_macro   0x000000000000131c       0x22 Core/Src/fsmc.o
 .debug_macro   0x000000000000133e       0xc3 Core/Src/fsmc.o
 .debug_macro   0x0000000000001401      0xd23 Core/Src/fsmc.o
 .debug_macro   0x0000000000002124     0xfd8c Core/Src/fsmc.o
 .debug_macro   0x0000000000011eb0       0x6d Core/Src/fsmc.o
 .debug_macro   0x0000000000011f1d     0x3468 Core/Src/fsmc.o
 .debug_macro   0x0000000000015385      0x174 Core/Src/fsmc.o
 .debug_macro   0x00000000000154f9       0x5c Core/Src/fsmc.o
 .debug_macro   0x0000000000015555      0x5be Core/Src/fsmc.o
 .debug_macro   0x0000000000015b13      0x4d5 Core/Src/fsmc.o
 .debug_macro   0x0000000000015fe8      0x1cb Core/Src/fsmc.o
 .debug_macro   0x00000000000161b3      0x114 Core/Src/fsmc.o
 .debug_macro   0x00000000000162c7      0x1ea Core/Src/fsmc.o
 .debug_macro   0x00000000000164b1       0x27 Core/Src/fsmc.o
 .debug_macro   0x00000000000164d8      0x144 Core/Src/fsmc.o
 .debug_macro   0x000000000001661c      0x1bc Core/Src/fsmc.o
 .debug_macro   0x00000000000167d8       0x30 Core/Src/fsmc.o
 .debug_macro   0x0000000000016808       0x3c Core/Src/fsmc.o
 .debug_macro   0x0000000000016844       0x57 Core/Src/fsmc.o
 .debug_macro   0x000000000001689b       0x88 Core/Src/fsmc.o
 .debug_macro   0x0000000000016923      0x24f Core/Src/fsmc.o
 .debug_macro   0x0000000000016b72      0x356 Core/Src/fsmc.o
 .debug_macro   0x0000000000016ec8      0x141 Core/Src/fsmc.o
 .debug_macro   0x0000000000017009       0xb5 Core/Src/fsmc.o
 .debug_macro   0x00000000000170be      0x1b2 Core/Src/gpio.o
 .debug_macro   0x0000000000017270      0x1a7 Core/Src/lcd.o
 .debug_macro   0x0000000000017417      0x13c Core/Src/lcd.o
 .debug_macro   0x0000000000017553      0x299 Core/Src/lcd32.o
 .debug_macro   0x00000000000177ec       0x16 Core/Src/lcd32.o
 .debug_macro   0x0000000000017802      0x1db Core/Src/main.o
 .debug_macro   0x00000000000179dd       0x10 Core/Src/main.o
 .debug_macro   0x00000000000179ed      0x1a8 Core/Src/stm32f1xx_hal_msp.o
 .debug_macro   0x0000000000017b95      0x1b2 Core/Src/stm32f1xx_it.o
 .debug_macro   0x0000000000017d47      0x19e Core/Src/system_stm32f1xx.o
 .debug_macro   0x0000000000017ee5      0x1c2 Drivers/STM32F1xx_HAL_Driver/Src/stm32f1xx_hal.o
 .debug_macro   0x00000000000180a7      0x19e Drivers/STM32F1xx_HAL_Driver/Src/stm32f1xx_hal_cortex.o
 .debug_macro   0x0000000000018245      0x209 Drivers/STM32F1xx_HAL_Driver/Src/stm32f1xx_hal_gpio.o
 .debug_macro   0x000000000001844e      0x1b0 Drivers/STM32F1xx_HAL_Driver/Src/stm32f1xx_hal_rcc.o
 .debug_macro   0x00000000000185fe      0x19e Drivers/STM32F1xx_HAL_Driver/Src/stm32f1xx_hal_sram.o
 .debug_macro   0x000000000001879c      0x1d7 Drivers/STM32F1xx_HAL_Driver/Src/stm32f1xx_ll_fsmc.o

.debug_line     0x0000000000000000     0x8074
 .debug_line    0x0000000000000000      0x747 Core/Src/fsmc.o
 .debug_line    0x0000000000000747      0x65f Core/Src/gpio.o
 .debug_line    0x0000000000000da6      0x78c Core/Src/lcd.o
 .debug_line    0x0000000000001532      0xe23 Core/Src/lcd32.o
 .debug_line    0x0000000000002355      0x754 Core/Src/main.o
 .debug_line    0x0000000000002aa9      0x664 Core/Src/stm32f1xx_hal_msp.o
 .debug_line    0x000000000000310d      0x725 Core/Src/stm32f1xx_it.o
 .debug_line    0x0000000000003832      0x6e1 Core/Src/system_stm32f1xx.o
 .debug_line    0x0000000000003f13       0x87 Core/Startup/startup_stm32f103vctx.o
 .debug_line    0x0000000000003f9a      0x90e Drivers/STM32F1xx_HAL_Driver/Src/stm32f1xx_hal.o
 .debug_line    0x00000000000048a8      0xaf6 Drivers/STM32F1xx_HAL_Driver/Src/stm32f1xx_hal_cortex.o
 .debug_line    0x000000000000539e      0x9cd Drivers/STM32F1xx_HAL_Driver/Src/stm32f1xx_hal_gpio.o
 .debug_line    0x0000000000005d6b      0xd1c Drivers/STM32F1xx_HAL_Driver/Src/stm32f1xx_hal_rcc.o
 .debug_line    0x0000000000006a87      0xc81 Drivers/STM32F1xx_HAL_Driver/Src/stm32f1xx_hal_sram.o
 .debug_line    0x0000000000007708      0x96c Drivers/STM32F1xx_HAL_Driver/Src/stm32f1xx_ll_fsmc.o

.debug_str      0x0000000000000000    0x90e57
 .debug_str     0x0000000000000000    0x8b342 Core/Src/fsmc.o
                                      0x8b7df (size before relaxing)
 .debug_str     0x000000000008b342       0x2c Core/Src/gpio.o
                                      0x8b2b0 (size before relaxing)
 .debug_str     0x000000000008b36e      0x79d Core/Src/lcd.o
                                      0x8ba03 (size before relaxing)
 .debug_str     0x000000000008bb0b     0x37f9 Core/Src/lcd32.o
                                      0x8f1a6 (size before relaxing)
 .debug_str     0x000000000008f304      0x184 Core/Src/main.o
                                      0x8be13 (size before relaxing)
 .debug_str     0x000000000008f488       0x2c Core/Src/stm32f1xx_hal_msp.o
                                      0x8b2de (size before relaxing)
 .debug_str     0x000000000008f4b4       0xbd Core/Src/stm32f1xx_it.o
                                      0x8b2fb (size before relaxing)
 .debug_str     0x000000000008f571       0x52 Core/Src/system_stm32f1xx.o
                                      0x8b2cb (size before relaxing)
 .debug_str     0x000000000008f5c3       0x36 Core/Startup/startup_stm32f103vctx.o
                                         0x5e (size before relaxing)
 .debug_str     0x000000000008f5f9      0x600 Drivers/STM32F1xx_HAL_Driver/Src/stm32f1xx_hal.o
                                      0x8ba40 (size before relaxing)
 .debug_str     0x000000000008fbf9      0x2f6 Drivers/STM32F1xx_HAL_Driver/Src/stm32f1xx_hal_cortex.o
                                      0x8ba48 (size before relaxing)
 .debug_str     0x000000000008feef      0x31f Drivers/STM32F1xx_HAL_Driver/Src/stm32f1xx_hal_gpio.o
                                      0x8b68f (size before relaxing)
 .debug_str     0x000000000009020e      0x24f Drivers/STM32F1xx_HAL_Driver/Src/stm32f1xx_hal_rcc.o
                                      0x8b6c8 (size before relaxing)
 .debug_str     0x000000000009045d      0x203 Drivers/STM32F1xx_HAL_Driver/Src/stm32f1xx_hal_sram.o
                                      0x8b8c1 (size before relaxing)
 .debug_str     0x0000000000090660      0x7f7 Drivers/STM32F1xx_HAL_Driver/Src/stm32f1xx_ll_fsmc.o
                                      0x8bc62 (size before relaxing)

.comment        0x0000000000000000       0x53
 .comment       0x0000000000000000       0x53 Core/Src/fsmc.o
                                         0x54 (size before relaxing)
 .comment       0x0000000000000053       0x54 Core/Src/gpio.o
 .comment       0x0000000000000053       0x54 Core/Src/lcd.o
 .comment       0x0000000000000053       0x54 Core/Src/lcd32.o
 .comment       0x0000000000000053       0x54 Core/Src/main.o
 .comment       0x0000000000000053       0x54 Core/Src/stm32f1xx_hal_msp.o
 .comment       0x0000000000000053       0x54 Core/Src/stm32f1xx_it.o
 .comment       0x0000000000000053       0x54 Core/Src/system_stm32f1xx.o
 .comment       0x0000000000000053       0x54 Drivers/STM32F1xx_HAL_Driver/Src/stm32f1xx_hal.o
 .comment       0x0000000000000053       0x54 Drivers/STM32F1xx_HAL_Driver/Src/stm32f1xx_hal_cortex.o
 .comment       0x0000000000000053       0x54 Drivers/STM32F1xx_HAL_Driver/Src/stm32f1xx_hal_gpio.o
 .comment       0x0000000000000053       0x54 Drivers/STM32F1xx_HAL_Driver/Src/stm32f1xx_hal_rcc.o
 .comment       0x0000000000000053       0x54 Drivers/STM32F1xx_HAL_Driver/Src/stm32f1xx_hal_sram.o
 .comment       0x0000000000000053       0x54 Drivers/STM32F1xx_HAL_Driver/Src/stm32f1xx_ll_fsmc.o

.debug_frame    0x0000000000000000     0x17d8
 .debug_frame   0x0000000000000000       0xbc Core/Src/fsmc.o
 .debug_frame   0x00000000000000bc       0x38 Core/Src/gpio.o
 .debug_frame   0x00000000000000f4      0x194 Core/Src/lcd.o
 .debug_frame   0x0000000000000288      0x258 Core/Src/lcd32.o
 .debug_frame   0x00000000000004e0       0x6c Core/Src/main.o
 .debug_frame   0x000000000000054c       0x38 Core/Src/stm32f1xx_hal_msp.o
 .debug_frame   0x0000000000000584      0x104 Core/Src/stm32f1xx_it.o
 .debug_frame   0x0000000000000688       0x58 Core/Src/system_stm32f1xx.o
 .debug_frame   0x00000000000006e0      0x334 Drivers/STM32F1xx_HAL_Driver/Src/stm32f1xx_hal.o
 .debug_frame   0x0000000000000a14      0x428 Drivers/STM32F1xx_HAL_Driver/Src/stm32f1xx_hal_cortex.o
 .debug_frame   0x0000000000000e3c      0x14c Drivers/STM32F1xx_HAL_Driver/Src/stm32f1xx_hal_gpio.o
 .debug_frame   0x0000000000000f88      0x21c Drivers/STM32F1xx_HAL_Driver/Src/stm32f1xx_hal_rcc.o
 .debug_frame   0x00000000000011a4      0x30c Drivers/STM32F1xx_HAL_Driver/Src/stm32f1xx_hal_sram.o
 .debug_frame   0x00000000000014b0      0x2dc Drivers/STM32F1xx_HAL_Driver/Src/stm32f1xx_ll_fsmc.o
 .debug_frame   0x000000000000178c       0x2c c:/st/stm32cubeide_1.6.0/stm32cubeide/plugins/com.st.stm32cube.ide.mcu.externaltools.gnu-tools-for-stm32.9-2020-q2-update.win32_1.5.0.202011040924/tools/bin/../lib/gcc/arm-none-eabi/9.3.1/../../../../arm-none-eabi/lib/thumb/v7-m/nofp\libc_nano.a(lib_a-init.o)
 .debug_frame   0x00000000000017b8       0x20 c:/st/stm32cubeide_1.6.0/stm32cubeide/plugins/com.st.stm32cube.ide.mcu.externaltools.gnu-tools-for-stm32.9-2020-q2-update.win32_1.5.0.202011040924/tools/bin/../lib/gcc/arm-none-eabi/9.3.1/../../../../arm-none-eabi/lib/thumb/v7-m/nofp\libc_nano.a(lib_a-memset.o)
