Archive member included to satisfy reference by file (symbol)

c:/st/stm32cubeide_1.6.0/stm32cubeide/plugins/com.st.stm32cube.ide.mcu.externaltools.gnu-tools-for-stm32.9-2020-q2-update.win32_1.5.0.202011040924/tools/bin/../lib/gcc/arm-none-eabi/9.3.1/../../../../arm-none-eabi/lib/thumb/v7-m/nofp\libc_nano.a(lib_a-errno.o)
                              Core/Src/syscalls.o (__errno)
c:/st/stm32cubeide_1.6.0/stm32cubeide/plugins/com.st.stm32cube.ide.mcu.externaltools.gnu-tools-for-stm32.9-2020-q2-update.win32_1.5.0.202011040924/tools/bin/../lib/gcc/arm-none-eabi/9.3.1/../../../../arm-none-eabi/lib/thumb/v7-m/nofp\libc_nano.a(lib_a-exit.o)
                              c:/st/stm32cubeide_1.6.0/stm32cubeide/plugins/com.st.stm32cube.ide.mcu.externaltools.gnu-tools-for-stm32.9-2020-q2-update.win32_1.5.0.202011040924/tools/bin/../lib/gcc/arm-none-eabi/9.3.1/../../../../arm-none-eabi/lib/thumb/v7-m/nofp/crt0.o (exit)
c:/st/stm32cubeide_1.6.0/stm32cubeide/plugins/com.st.stm32cube.ide.mcu.externaltools.gnu-tools-for-stm32.9-2020-q2-update.win32_1.5.0.202011040924/tools/bin/../lib/gcc/arm-none-eabi/9.3.1/../../../../arm-none-eabi/lib/thumb/v7-m/nofp\libc_nano.a(lib_a-impure.o)
                              c:/st/stm32cubeide_1.6.0/stm32cubeide/plugins/com.st.stm32cube.ide.mcu.externaltools.gnu-tools-for-stm32.9-2020-q2-update.win32_1.5.0.202011040924/tools/bin/../lib/gcc/arm-none-eabi/9.3.1/../../../../arm-none-eabi/lib/thumb/v7-m/nofp\libc_nano.a(lib_a-exit.o) (_global_impure_ptr)
c:/st/stm32cubeide_1.6.0/stm32cubeide/plugins/com.st.stm32cube.ide.mcu.externaltools.gnu-tools-for-stm32.9-2020-q2-update.win32_1.5.0.202011040924/tools/bin/../lib/gcc/arm-none-eabi/9.3.1/../../../../arm-none-eabi/lib/thumb/v7-m/nofp\libc_nano.a(lib_a-init.o)
                              c:/st/stm32cubeide_1.6.0/stm32cubeide/plugins/com.st.stm32cube.ide.mcu.externaltools.gnu-tools-for-stm32.9-2020-q2-update.win32_1.5.0.202011040924/tools/bin/../lib/gcc/arm-none-eabi/9.3.1/../../../../arm-none-eabi/lib/thumb/v7-m/nofp/crt0.o (__libc_init_array)
c:/st/stm32cubeide_1.6.0/stm32cubeide/plugins/com.st.stm32cube.ide.mcu.externaltools.gnu-tools-for-stm32.9-2020-q2-update.win32_1.5.0.202011040924/tools/bin/../lib/gcc/arm-none-eabi/9.3.1/../../../../arm-none-eabi/lib/thumb/v7-m/nofp\libc_nano.a(lib_a-memset.o)
                              c:/st/stm32cubeide_1.6.0/stm32cubeide/plugins/com.st.stm32cube.ide.mcu.externaltools.gnu-tools-for-stm32.9-2020-q2-update.win32_1.5.0.202011040924/tools/bin/../lib/gcc/arm-none-eabi/9.3.1/../../../../arm-none-eabi/lib/thumb/v7-m/nofp/crt0.o (memset)

Allocating common symbols
Common symbol       size              file

uwTick              0x4               Drivers/STM32F1xx_HAL_Driver/Src/stm32f1xx_hal.o
pFlash              0x20              Drivers/STM32F1xx_HAL_Driver/Src/stm32f1xx_hal_flash.o
htim6               0x48              Core/Src/tim.o

Discarded input sections

 .text          0x0000000000000000        0x0 c:/st/stm32cubeide_1.6.0/stm32cubeide/plugins/com.st.stm32cube.ide.mcu.externaltools.gnu-tools-for-stm32.9-2020-q2-update.win32_1.5.0.202011040924/tools/bin/../lib/gcc/arm-none-eabi/9.3.1/thumb/v7-m/nofp/crti.o
 .data          0x0000000000000000        0x0 c:/st/stm32cubeide_1.6.0/stm32cubeide/plugins/com.st.stm32cube.ide.mcu.externaltools.gnu-tools-for-stm32.9-2020-q2-update.win32_1.5.0.202011040924/tools/bin/../lib/gcc/arm-none-eabi/9.3.1/thumb/v7-m/nofp/crti.o
 .bss           0x0000000000000000        0x0 c:/st/stm32cubeide_1.6.0/stm32cubeide/plugins/com.st.stm32cube.ide.mcu.externaltools.gnu-tools-for-stm32.9-2020-q2-update.win32_1.5.0.202011040924/tools/bin/../lib/gcc/arm-none-eabi/9.3.1/thumb/v7-m/nofp/crti.o
 .data          0x0000000000000000        0x4 c:/st/stm32cubeide_1.6.0/stm32cubeide/plugins/com.st.stm32cube.ide.mcu.externaltools.gnu-tools-for-stm32.9-2020-q2-update.win32_1.5.0.202011040924/tools/bin/../lib/gcc/arm-none-eabi/9.3.1/thumb/v7-m/nofp/crtbegin.o
 .text          0x0000000000000000       0x7c c:/st/stm32cubeide_1.6.0/stm32cubeide/plugins/com.st.stm32cube.ide.mcu.externaltools.gnu-tools-for-stm32.9-2020-q2-update.win32_1.5.0.202011040924/tools/bin/../lib/gcc/arm-none-eabi/9.3.1/../../../../arm-none-eabi/lib/thumb/v7-m/nofp/crt0.o
 .data          0x0000000000000000        0x0 c:/st/stm32cubeide_1.6.0/stm32cubeide/plugins/com.st.stm32cube.ide.mcu.externaltools.gnu-tools-for-stm32.9-2020-q2-update.win32_1.5.0.202011040924/tools/bin/../lib/gcc/arm-none-eabi/9.3.1/../../../../arm-none-eabi/lib/thumb/v7-m/nofp/crt0.o
 .bss           0x0000000000000000        0x0 c:/st/stm32cubeide_1.6.0/stm32cubeide/plugins/com.st.stm32cube.ide.mcu.externaltools.gnu-tools-for-stm32.9-2020-q2-update.win32_1.5.0.202011040924/tools/bin/../lib/gcc/arm-none-eabi/9.3.1/../../../../arm-none-eabi/lib/thumb/v7-m/nofp/crt0.o
[...]
Memory Configuration

Name             Origin             Length             Attributes
RAM              0x0000000020000000 0x000000000000c000 xrw
FLASH            0x0000000008000000 0x0000000000040000 xr
*default*        0x0000000000000000 0xffffffffffffffff

Linker script and memory map

LOAD c:/st/stm32cubeide_1.6.0/stm32cubeide/plugins/com.st.stm32cube.ide.mcu.externaltools.gnu-tools-for-stm32.9-2020-q2-update.win32_1.5.0.202011040924/tools/bin/../lib/gcc/arm-none-eabi/9.3.1/thumb/v7-m/nofp/crti.o
LOAD c:/st/stm32cubeide_1.6.0/stm32cubeide/plugins/com.st.stm32cube.ide.mcu.externaltools.gnu-tools-for-stm32.9-2020-q2-update.win32_1.5.0.202011040924/tools/bin/../lib/gcc/arm-none-eabi/9.3.1/thumb/v7-m/nofp/crtbegin.o
LOAD c:/st/stm32cubeide_1.6.0/stm32cubeide/plugins/com.st.stm32cube.ide.mcu.externaltools.gnu-tools-for-stm32.9-2020-q2-update.win32_1.5.0.202011040924/tools/bin/../lib/gcc/arm-none-eabi/9.3.1/../../../../arm-none-eabi/lib/thumb/v7-m/nofp/crt0.o
LOAD Core/Src/gpio.o
LOAD Core/Src/main.o
LOAD Core/Src/stm32f1xx_hal_msp.o
LOAD Core/Src/stm32f1xx_it.o
LOAD Core/Src/syscalls.o
LOAD Core/Src/sysmem.o
LOAD Core/Src/system_stm32f1xx.o
LOAD Core/Src/tim.o
LOAD Core/Startup/startup_stm32f103vctx.o
LOAD Drivers/STM32F1xx_HAL_Driver/Src/stm32f1xx_hal.o
LOAD Drivers/STM32F1xx_HAL_Driver/Src/stm32f1xx_hal_cortex.o
LOAD Drivers/STM32F1xx_HAL_Driver/Src/stm32f1xx_hal_dma.o
LOAD Drivers/STM32F1xx_HAL_Driver/Src/stm32f1xx_hal_exti.o
LOAD Drivers/STM32F1xx_HAL_Driver/Src/stm32f1xx_hal_flash.o
LOAD Drivers/STM32F1xx_HAL_Driver/Src/stm32f1xx_hal_flash_ex.o
LOAD Drivers/STM32F1xx_HAL_Driver/Src/stm32f1xx_hal_gpio.o
LOAD Drivers/STM32F1xx_HAL_Driver/Src/stm32f1xx_hal_gpio_ex.o
LOAD Drivers/STM32F1xx_HAL_Driver/Src/stm32f1xx_hal_pwr.o
LOAD Drivers/STM32F1xx_HAL_Driver/Src/stm32f1xx_hal_rcc.o
LOAD Drivers/STM32F1xx_HAL_Driver/Src/stm32f1xx_hal_rcc_ex.o
LOAD Drivers/STM32F1xx_HAL_Driver/Src/stm32f1xx_hal_tim.o
LOAD Drivers/STM32F1xx_HAL_Driver/Src/stm32f1xx_hal_tim_ex.o
START GROUP
LOAD c:/st/stm32cubeide_1.6.0/stm32cubeide/plugins/com.st.stm32cube.ide.mcu.externaltools.gnu-tools-for-stm32.9-2020-q2-update.win32_1.5.0.202011040924/tools/bin/../lib/gcc/arm-none-eabi/9.3.1/../../../../arm-none-eabi/lib/thumb/v7-m/nofp\libc_nano.a
LOAD c:/st/stm32cubeide_1.6.0/stm32cubeide/plugins/com.st.stm32cube.ide.mcu.externaltools.gnu-tools-for-stm32.9-2020-q2-update.win32_1.5.0.202011040924/tools/bin/../lib/gcc/arm-none-eabi/9.3.1/../../../../arm-none-eabi/lib/thumb/v7-m/nofp\libm.a
END GROUP
START GROUP
LOAD c:/st/stm32cubeide_1.6.0/stm32cubeide/plugins/com.st.stm32cube.ide.mcu.externaltools.gnu-tools-for-stm32.9-2020-q2-update.win32_1.5.0.202011040924/tools/bin/../lib/gcc/arm-none-eabi/9.3.1/thumb/v7-m/nofp\libgcc.a
LOAD c:/st/stm32cubeide_1.6.0/stm32cubeide/plugins/com.st.stm32cube.ide.mcu.externaltools.gnu-tools-for-stm32.9-2020-q2-update.win32_1.5.0.202011040924/tools/bin/../lib/gcc/arm-none-eabi/9.3.1/../../../../arm-none-eabi/lib/thumb/v7-m/nofp\libc_nano.a
END GROUP
START GROUP
LOAD c:/st/stm32cubeide_1.6.0/stm32cubeide/plugins/com.st.stm32cube.ide.mcu.externaltools.gnu-tools-for-stm32.9-2020-q2-update.win32_1.5.0.202011040924/tools/bin/../lib/gcc/arm-none-eabi/9.3.1/thumb/v7-m/nofp\libgcc.a
LOAD c:/st/stm32cubeide_1.6.0/stm32cubeide/plugins/com.st.stm32cube.ide.mcu.externaltools.gnu-tools-for-stm32.9-2020-q2-update.win32_1.5.0.202011040924/tools/bin/../lib/gcc/arm-none-eabi/9.3.1/../../../../arm-none-eabi/lib/thumb/v7-m/nofp\libc_nano.a
LOAD c:/st/stm32cubeide_1.6.0/stm32cubeide/plugins/com.st.stm32cube.ide.mcu.externaltools.gnu-tools-for-stm32.9-2020-q2-update.win32_1.5.0.202011040924/tools/bin/../lib/gcc/arm-none-eabi/9.3.1/../../../../arm-none-eabi/lib/thumb/v7-m/nofp\libnosys.a
END GROUP
START GROUP
LOAD c:/st/stm32cubeide_1.6.0/stm32cubeide/plugins/com.st.stm32cube.ide.mcu.externaltools.gnu-tools-for-stm32.9-2020-q2-update.win32_1.5.0.202011040924/tools/bin/../lib/gcc/arm-none-eabi/9.3.1/thumb/v7-m/nofp\libgcc.a
LOAD c:/st/stm32cubeide_1.6.0/stm32cubeide/plugins/com.st.stm32cube.ide.mcu.externaltools.gnu-tools-for-stm32.9-2020-q2-update.win32_1.5.0.202011040924/tools/bin/../lib/gcc/arm-none-eabi/9.3.1/../../../../arm-none-eabi/lib/thumb/v7-m/nofp\libc_nano.a
LOAD c:/st/stm32cubeide_1.6.0/stm32cubeide/plugins/com.st.stm32cube.ide.mcu.externaltools.gnu-tools-for-stm32.9-2020-q2-update.win32_1.5.0.202011040924/tools/bin/../lib/gcc/arm-none-eabi/9.3.1/../../../../arm-none-eabi/lib/thumb/v7-m/nofp\libnosys.a
END GROUP
LOAD c:/st/stm32cubeide_1.6.0/stm32cubeide/plugins/com.st.stm32cube.ide.mcu.externaltools.gnu-tools-for-stm32.9-2020-q2-update.win32_1.5.0.202011040924/tools/bin/../lib/gcc/arm-none-eabi/9.3.1/thumb/v7-m/nofp/crtend.o
LOAD c:/st/stm32cubeide_1.6.0/stm32cubeide/plugins/com.st.stm32cube.ide.mcu.externaltools.gnu-tools-for-stm32.9-2020-q2-update.win32_1.5.0.202011040924/tools/bin/../lib/gcc/arm-none-eabi/9.3.1/thumb/v7-m/nofp/crtn.o
                0x000000002000c000                _estack = (ORIGIN (RAM) + LENGTH (RAM))
                0x0000000000000200                _Min_Heap_Size = 0x200
                0x0000000000000400                _Min_Stack_Size = 0x400

.isr_vector     0x0000000008000000      0x1e4
                0x0000000008000000                . = ALIGN (0x4)
 *(.isr_vector)
 .isr_vector    0x0000000008000000      0x1e4 Core/Startup/startup_stm32f103vctx.o
                0x0000000008000000                g_pfnVectors
                0x00000000080001e4                . = ALIGN (0x4)

.text           0x00000000080001e4     0x1828
                0x00000000080001e4                . = ALIGN (0x4)
 *(.text)
 .text          0x00000000080001e4       0x40 c:/st/stm32cubeide_1.6.0/stm32cubeide/plugins/com.st.stm32cube.ide.mcu.externaltools.gnu-tools-for-stm32.9-2020-q2-update.win32_1.5.0.202011040924/tools/bin/../lib/gcc/arm-none-eabi/9.3.1/thumb/v7-m/nofp/crtbegin.o
 *(.text*)
 .text.MX_GPIO_Init
                0x0000000008000224       0x64 Core/Src/gpio.o
                0x0000000008000224                MX_GPIO_Init
 .text.main     0x0000000008000288       0x74 Core/Src/main.o
                0x0000000008000288                main
 .text.HAL_TIM_PeriodElapsedCallback
                0x00000000080002fc       0x50 Core/Src/main.o
                0x00000000080002fc                HAL_TIM_PeriodElapsedCallback
 .text.SystemClock_Config
                0x000000000800034c       0x8a Core/Src/main.o
                0x000000000800034c                SystemClock_Config
 .text.Error_Handler
                0x00000000080003d6        0xa Core/Src/main.o
                0x00000000080003d6                Error_Handler
 .text.HAL_MspInit
                0x00000000080003e0       0x64 Core/Src/stm32f1xx_hal_msp.o
                0x00000000080003e0                HAL_MspInit
 .text.NMI_Handler
                0x0000000008000444        0x6 Core/Src/stm32f1xx_it.o
                0x0000000008000444                NMI_Handler
 .text.HardFault_Handler
                0x000000000800044a        0x6 Core/Src/stm32f1xx_it.o
                0x000000000800044a                HardFault_Handler
 .text.MemManage_Handler
                0x0000000008000450        0x6 Core/Src/stm32f1xx_it.o
                0x0000000008000450                MemManage_Handler
 .text.BusFault_Handler
                0x0000000008000456        0x6 Core/Src/stm32f1xx_it.o
                0x0000000008000456                BusFault_Handler
 .text.UsageFault_Handler
                0x000000000800045c        0x6 Core/Src/stm32f1xx_it.o
                0x000000000800045c                UsageFault_Handler
 .text.SVC_Handler
                0x0000000008000462        0xc Core/Src/stm32f1xx_it.o
                0x0000000008000462                SVC_Handler
 .text.DebugMon_Handler
                0x000000000800046e        0xc Core/Src/stm32f1xx_it.o
                0x000000000800046e                DebugMon_Handler
 .text.PendSV_Handler
                0x000000000800047a        0xc Core/Src/stm32f1xx_it.o
                0x000000000800047a                PendSV_Handler
 .text.SysTick_Handler
                0x0000000008000486        0xc Core/Src/stm32f1xx_it.o
                0x0000000008000486                SysTick_Handler
 *fill*         0x0000000008000492        0x2 
 .text.TIM6_IRQHandler
                0x0000000008000494       0x14 Core/Src/stm32f1xx_it.o
                0x0000000008000494                TIM6_IRQHandler
 .text.SystemInit
                0x00000000080004a8        0xc Core/Src/system_stm32f1xx.o
                0x00000000080004a8                SystemInit
 .text.MX_TIM6_Init
                0x00000000080004b4       0x6c Core/Src/tim.o
                0x00000000080004b4                MX_TIM6_Init
 .text.HAL_TIM_Base_MspInit
                0x0000000008000520       0x4c Core/Src/tim.o
                0x0000000008000520                HAL_TIM_Base_MspInit
 .text.Reset_Handler
                0x000000000800056c       0x48 Core/Startup/startup_stm32f103vctx.o
                0x000000000800056c                Reset_Handler
 .text.Default_Handler
                0x00000000080005b4        0x2 Core/Startup/startup_stm32f103vctx.o
                0x00000000080005b4                RTC_Alarm_IRQHandler
                0x00000000080005b4                EXTI2_IRQHandler
                0x00000000080005b4                TIM8_TRG_COM_IRQHandler
                0x00000000080005b4                TIM8_CC_IRQHandler
                0x00000000080005b4                TIM1_CC_IRQHandler
                0x00000000080005b4                PVD_IRQHandler
                0x00000000080005b4                SDIO_IRQHandler
                0x00000000080005b4                EXTI3_IRQHandler
                0x00000000080005b4                EXTI0_IRQHandler
                0x00000000080005b4                I2C2_EV_IRQHandler
                0x00000000080005b4                ADC1_2_IRQHandler
                0x00000000080005b4                SPI1_IRQHandler
                0x00000000080005b4                TAMPER_IRQHandler
                0x00000000080005b4                TIM8_UP_IRQHandler
                0x00000000080005b4                DMA2_Channel2_IRQHandler
                0x00000000080005b4                DMA1_Channel4_IRQHandler
                0x00000000080005b4                USART3_IRQHandler
                0x00000000080005b4                RTC_IRQHandler
                0x00000000080005b4                DMA1_Channel7_IRQHandler
                0x00000000080005b4                CAN1_RX1_IRQHandler
                0x00000000080005b4                UART5_IRQHandler
                0x00000000080005b4                ADC3_IRQHandler
                0x00000000080005b4                TIM4_IRQHandler
                0x00000000080005b4                DMA2_Channel1_IRQHandler
                0x00000000080005b4                I2C1_EV_IRQHandler
                0x00000000080005b4                DMA1_Channel6_IRQHandler
                0x00000000080005b4                UART4_IRQHandler
                0x00000000080005b4                TIM3_IRQHandler
                0x00000000080005b4                RCC_IRQHandler
                0x00000000080005b4                TIM1_TRG_COM_IRQHandler
                0x00000000080005b4                DMA1_Channel1_IRQHandler
                0x00000000080005b4                Default_Handler
                0x00000000080005b4                EXTI15_10_IRQHandler
                0x00000000080005b4                TIM7_IRQHandler
                0x00000000080005b4                TIM5_IRQHandler
                0x00000000080005b4                EXTI9_5_IRQHandler
                0x00000000080005b4                SPI2_IRQHandler
                0x00000000080005b4                DMA1_Channel5_IRQHandler
                0x00000000080005b4                EXTI4_IRQHandler
                0x00000000080005b4                USB_LP_CAN1_RX0_IRQHandler
                0x00000000080005b4                USB_HP_CAN1_TX_IRQHandler
                0x00000000080005b4                DMA1_Channel3_IRQHandler
                0x00000000080005b4                FSMC_IRQHandler
                0x00000000080005b4                TIM1_UP_IRQHandler
                0x00000000080005b4                WWDG_IRQHandler
                0x00000000080005b4                TIM2_IRQHandler
                0x00000000080005b4                TIM1_BRK_IRQHandler
                0x00000000080005b4                EXTI1_IRQHandler
                0x00000000080005b4                DMA2_Channel4_5_IRQHandler
                0x00000000080005b4                USART2_IRQHandler
                0x00000000080005b4                I2C2_ER_IRQHandler
                0x00000000080005b4                DMA1_Channel2_IRQHandler
                0x00000000080005b4                TIM8_BRK_IRQHandler
                0x00000000080005b4                CAN1_SCE_IRQHandler
                0x00000000080005b4                FLASH_IRQHandler
                0x00000000080005b4                USART1_IRQHandler
                0x00000000080005b4                SPI3_IRQHandler
                0x00000000080005b4                I2C1_ER_IRQHandler
                0x00000000080005b4                USBWakeUp_IRQHandler
                0x00000000080005b4                DMA2_Channel3_IRQHandler
 *fill*         0x00000000080005b6        0x2 
 .text.HAL_Init
                0x00000000080005b8       0x2c Drivers/STM32F1xx_HAL_Driver/Src/stm32f1xx_hal.o
                0x00000000080005b8                HAL_Init
 .text.HAL_InitTick
                0x00000000080005e4       0x60 Drivers/STM32F1xx_HAL_Driver/Src/stm32f1xx_hal.o
                0x00000000080005e4                HAL_InitTick
 .text.HAL_IncTick
                0x0000000008000644       0x24 Drivers/STM32F1xx_HAL_Driver/Src/stm32f1xx_hal.o
                0x0000000008000644                HAL_IncTick
 .text.HAL_GetTick
                0x0000000008000668       0x14 Drivers/STM32F1xx_HAL_Driver/Src/stm32f1xx_hal.o
                0x0000000008000668                HAL_GetTick
 .text.__NVIC_SetPriorityGrouping
                0x000000000800067c       0x48 Drivers/STM32F1xx_HAL_Driver/Src/stm32f1xx_hal_cortex.o
 .text.__NVIC_GetPriorityGrouping
                0x00000000080006c4       0x1c Drivers/STM32F1xx_HAL_Driver/Src/stm32f1xx_hal_cortex.o
 .text.__NVIC_EnableIRQ
                0x00000000080006e0       0x38 Drivers/STM32F1xx_HAL_Driver/Src/stm32f1xx_hal_cortex.o
 .text.__NVIC_SetPriority
                0x0000000008000718       0x54 Drivers/STM32F1xx_HAL_Driver/Src/stm32f1xx_hal_cortex.o
 .text.NVIC_EncodePriority
                0x000000000800076c       0x64 Drivers/STM32F1xx_HAL_Driver/Src/stm32f1xx_hal_cortex.o
 .text.SysTick_Config
                0x00000000080007d0       0x44 Drivers/STM32F1xx_HAL_Driver/Src/stm32f1xx_hal_cortex.o
 .text.HAL_NVIC_SetPriorityGrouping
                0x0000000008000814       0x16 Drivers/STM32F1xx_HAL_Driver/Src/stm32f1xx_hal_cortex.o
                0x0000000008000814                HAL_NVIC_SetPriorityGrouping
 .text.HAL_NVIC_SetPriority
                0x000000000800082a       0x38 Drivers/STM32F1xx_HAL_Driver/Src/stm32f1xx_hal_cortex.o
                0x000000000800082a                HAL_NVIC_SetPriority
 .text.HAL_NVIC_EnableIRQ
                0x0000000008000862       0x1c Drivers/STM32F1xx_HAL_Driver/Src/stm32f1xx_hal_cortex.o
                0x0000000008000862                HAL_NVIC_EnableIRQ
 .text.HAL_SYSTICK_Config
                0x000000000800087e       0x18 Drivers/STM32F1xx_HAL_Driver/Src/stm32f1xx_hal_cortex.o
                0x000000000800087e                HAL_SYSTICK_Config
 *fill*         0x0000000008000896        0x2 
 .text.HAL_GPIO_Init
                0x0000000008000898      0x328 Drivers/STM32F1xx_HAL_Driver/Src/stm32f1xx_hal_gpio.o
                0x0000000008000898                HAL_GPIO_Init
 .text.HAL_GPIO_WritePin
                0x0000000008000bc0       0x30 Drivers/STM32F1xx_HAL_Driver/Src/stm32f1xx_hal_gpio.o
                0x0000000008000bc0                HAL_GPIO_WritePin
 .text.HAL_GPIO_TogglePin
                0x0000000008000bf0       0x32 Drivers/STM32F1xx_HAL_Driver/Src/stm32f1xx_hal_gpio.o
                0x0000000008000bf0                HAL_GPIO_TogglePin
 *fill*         0x0000000008000c22        0x2 
 .text.HAL_RCC_OscConfig
                0x0000000008000c24      0x500 Drivers/STM32F1xx_HAL_Driver/Src/stm32f1xx_hal_rcc.o
                0x0000000008000c24                HAL_RCC_OscConfig
 .text.HAL_RCC_ClockConfig
                0x0000000008001124      0x1d4 Drivers/STM32F1xx_HAL_Driver/Src/stm32f1xx_hal_rcc.o
                0x0000000008001124                HAL_RCC_ClockConfig
 .text.HAL_RCC_GetSysClockFreq
                0x00000000080012f8       0xc0 Drivers/STM32F1xx_HAL_Driver/Src/stm32f1xx_hal_rcc.o
                0x00000000080012f8                HAL_RCC_GetSysClockFreq
 .text.RCC_Delay
                0x00000000080013b8       0x3c Drivers/STM32F1xx_HAL_Driver/Src/stm32f1xx_hal_rcc.o
 .text.HAL_TIM_Base_Init
                0x00000000080013f4       0x9e Drivers/STM32F1xx_HAL_Driver/Src/stm32f1xx_hal_tim.o
                0x00000000080013f4                HAL_TIM_Base_Init
 *fill*         0x0000000008001492        0x2 
 .text.HAL_TIM_Base_Start_IT
                0x0000000008001494       0xc0 Drivers/STM32F1xx_HAL_Driver/Src/stm32f1xx_hal_tim.o
                0x0000000008001494                HAL_TIM_Base_Start_IT
 .text.HAL_TIM_IRQHandler
                0x0000000008001554      0x210 Drivers/STM32F1xx_HAL_Driver/Src/stm32f1xx_hal_tim.o
                0x0000000008001554                HAL_TIM_IRQHandler
 .text.HAL_TIM_OC_DelayElapsedCallback
                0x0000000008001764       0x12 Drivers/STM32F1xx_HAL_Driver/Src/stm32f1xx_hal_tim.o
                0x0000000008001764                HAL_TIM_OC_DelayElapsedCallback
 .text.HAL_TIM_IC_CaptureCallback
                0x0000000008001776       0x12 Drivers/STM32F1xx_HAL_Driver/Src/stm32f1xx_hal_tim.o
                0x0000000008001776                HAL_TIM_IC_CaptureCallback
 .text.HAL_TIM_PWM_PulseFinishedCallback
                0x0000000008001788       0x12 Drivers/STM32F1xx_HAL_Driver/Src/stm32f1xx_hal_tim.o
                0x0000000008001788                HAL_TIM_PWM_PulseFinishedCallback
 .text.HAL_TIM_TriggerCallback
                0x000000000800179a       0x12 Drivers/STM32F1xx_HAL_Driver/Src/stm32f1xx_hal_tim.o
                0x000000000800179a                HAL_TIM_TriggerCallback
 .text.TIM_Base_SetConfig
                0x00000000080017ac       0xf4 Drivers/STM32F1xx_HAL_Driver/Src/stm32f1xx_hal_tim.o
                0x00000000080017ac                TIM_Base_SetConfig
 .text.HAL_TIMEx_MasterConfigSynchronization
                0x00000000080018a0       0xd8 Drivers/STM32F1xx_HAL_Driver/Src/stm32f1xx_hal_tim_ex.o
                0x00000000080018a0                HAL_TIMEx_MasterConfigSynchronization
 .text.HAL_TIMEx_CommutCallback
                0x0000000008001978       0x12 Drivers/STM32F1xx_HAL_Driver/Src/stm32f1xx_hal_tim_ex.o
                0x0000000008001978                HAL_TIMEx_CommutCallback
 .text.HAL_TIMEx_BreakCallback
                0x000000000800198a       0x12 Drivers/STM32F1xx_HAL_Driver/Src/stm32f1xx_hal_tim_ex.o
                0x000000000800198a                HAL_TIMEx_BreakCallback
 .text.__libc_init_array
                0x000000000800199c       0x48 c:/st/stm32cubeide_1.6.0/stm32cubeide/plugins/com.st.stm32cube.ide.mcu.externaltools.gnu-tools-for-stm32.9-2020-q2-update.win32_1.5.0.202011040924/tools/bin/../lib/gcc/arm-none-eabi/9.3.1/../../../../arm-none-eabi/lib/thumb/v7-m/nofp\libc_nano.a(lib_a-init.o)
                0x000000000800199c                __libc_init_array
 .text.memset   0x00000000080019e4       0x10 c:/st/stm32cubeide_1.6.0/stm32cubeide/plugins/com.st.stm32cube.ide.mcu.externaltools.gnu-tools-for-stm32.9-2020-q2-update.win32_1.5.0.202011040924/tools/bin/../lib/gcc/arm-none-eabi/9.3.1/../../../../arm-none-eabi/lib/thumb/v7-m/nofp\libc_nano.a(lib_a-memset.o)
                0x00000000080019e4                memset
 *(.glue_7)
 .glue_7        0x00000000080019f4        0x0 linker stubs
 *(.glue_7t)
 .glue_7t       0x00000000080019f4        0x0 linker stubs
 *(.eh_frame)
 .eh_frame      0x00000000080019f4        0x0 c:/st/stm32cubeide_1.6.0/stm32cubeide/plugins/com.st.stm32cube.ide.mcu.externaltools.gnu-tools-for-stm32.9-2020-q2-update.win32_1.5.0.202011040924/tools/bin/../lib/gcc/arm-none-eabi/9.3.1/thumb/v7-m/nofp/crtbegin.o
 *(.init)
 .init          0x00000000080019f4        0x4 c:/st/stm32cubeide_1.6.0/stm32cubeide/plugins/com.st.stm32cube.ide.mcu.externaltools.gnu-tools-for-stm32.9-2020-q2-update.win32_1.5.0.202011040924/tools/bin/../lib/gcc/arm-none-eabi/9.3.1/thumb/v7-m/nofp/crti.o
                0x00000000080019f4                _init
 .init          0x00000000080019f8        0x8 c:/st/stm32cubeide_1.6.0/stm32cubeide/plugins/com.st.stm32cube.ide.mcu.externaltools.gnu-tools-for-stm32.9-2020-q2-update.win32_1.5.0.202011040924/tools/bin/../lib/gcc/arm-none-eabi/9.3.1/thumb/v7-m/nofp/crtn.o
 *(.fini)
 .fini          0x0000000008001a00        0x4 c:/st/stm32cubeide_1.6.0/stm32cubeide/plugins/com.st.stm32cube.ide.mcu.externaltools.gnu-tools-for-stm32.9-2020-q2-update.win32_1.5.0.202011040924/tools/bin/../lib/gcc/arm-none-eabi/9.3.1/thumb/v7-m/nofp/crti.o
                0x0000000008001a00                _fini
 .fini          0x0000000008001a04        0x8 c:/st/stm32cubeide_1.6.0/stm32cubeide/plugins/com.st.stm32cube.ide.mcu.externaltools.gnu-tools-for-stm32.9-2020-q2-update.win32_1.5.0.202011040924/tools/bin/../lib/gcc/arm-none-eabi/9.3.1/thumb/v7-m/nofp/crtn.o
                0x0000000008001a0c                . = ALIGN (0x4)
                0x0000000008001a0c                _etext = .

.vfp11_veneer   0x0000000008001a0c        0x0
 .vfp11_veneer  0x0000000008001a0c        0x0 linker stubs

.v4_bx          0x0000000008001a0c        0x0
 .v4_bx         0x0000000008001a0c        0x0 linker stubs

.iplt           0x0000000008001a0c        0x0
 .iplt          0x0000000008001a0c        0x0 c:/st/stm32cubeide_1.6.0/stm32cubeide/plugins/com.st.stm32cube.ide.mcu.externaltools.gnu-tools-for-stm32.9-2020-q2-update.win32_1.5.0.202011040924/tools/bin/../lib/gcc/arm-none-eabi/9.3.1/thumb/v7-m/nofp/crtbegin.o

.rodata         0x0000000008001a0c       0x20
                0x0000000008001a0c                . = ALIGN (0x4)
 *(.rodata)
 .rodata        0x0000000008001a0c       0x10 Drivers/STM32F1xx_HAL_Driver/Src/stm32f1xx_hal_rcc.o
 *(.rodata*)
 .rodata.AHBPrescTable
                0x0000000008001a1c       0x10 Core/Src/system_stm32f1xx.o
                0x0000000008001a1c                AHBPrescTable
                0x0000000008001a2c                . = ALIGN (0x4)

.rel.dyn        0x0000000008001a2c        0x0
 .rel.iplt      0x0000000008001a2c        0x0 c:/st/stm32cubeide_1.6.0/stm32cubeide/plugins/com.st.stm32cube.ide.mcu.externaltools.gnu-tools-for-stm32.9-2020-q2-update.win32_1.5.0.202011040924/tools/bin/../lib/gcc/arm-none-eabi/9.3.1/thumb/v7-m/nofp/crtbegin.o

.ARM.extab      0x0000000008001a2c        0x0
                0x0000000008001a2c                . = ALIGN (0x4)
 *(.ARM.extab* .gnu.linkonce.armextab.*)
                0x0000000008001a2c                . = ALIGN (0x4)

.ARM            0x0000000008001a2c        0x0
                0x0000000008001a2c                . = ALIGN (0x4)
                0x0000000008001a2c                __exidx_start = .
 *(.ARM.exidx*)
                0x0000000008001a2c                __exidx_end = .
                0x0000000008001a2c                . = ALIGN (0x4)

.preinit_array  0x0000000008001a2c        0x0
                0x0000000008001a2c                . = ALIGN (0x4)
                0x0000000008001a2c                PROVIDE (__preinit_array_start = .)
 *(.preinit_array*)
                0x0000000008001a2c                PROVIDE (__preinit_array_end = .)
                0x0000000008001a2c                . = ALIGN (0x4)

.init_array     0x0000000008001a2c        0x4
                0x0000000008001a2c                . = ALIGN (0x4)
                0x0000000008001a2c                PROVIDE (__init_array_start = .)
 *(SORT_BY_NAME(.init_array.*))
 *(.init_array*)
 .init_array    0x0000000008001a2c        0x4 c:/st/stm32cubeide_1.6.0/stm32cubeide/plugins/com.st.stm32cube.ide.mcu.externaltools.gnu-tools-for-stm32.9-2020-q2-update.win32_1.5.0.202011040924/tools/bin/../lib/gcc/arm-none-eabi/9.3.1/thumb/v7-m/nofp/crtbegin.o
                0x0000000008001a30                PROVIDE (__init_array_end = .)
                0x0000000008001a30                . = ALIGN (0x4)

.fini_array     0x0000000008001a30        0x4
                0x0000000008001a30                . = ALIGN (0x4)
                [!provide]                        PROVIDE (__fini_array_start = .)
 *(SORT_BY_NAME(.fini_array.*))
 *(.fini_array*)
 .fini_array    0x0000000008001a30        0x4 c:/st/stm32cubeide_1.6.0/stm32cubeide/plugins/com.st.stm32cube.ide.mcu.externaltools.gnu-tools-for-stm32.9-2020-q2-update.win32_1.5.0.202011040924/tools/bin/../lib/gcc/arm-none-eabi/9.3.1/thumb/v7-m/nofp/crtbegin.o
                [!provide]                        PROVIDE (__fini_array_end = .)
                0x0000000008001a34                . = ALIGN (0x4)
                0x0000000008001a34                _sidata = LOADADDR (.data)

.data           0x0000000020000000        0xc load address 0x0000000008001a34
                0x0000000020000000                . = ALIGN (0x4)
                0x0000000020000000                _sdata = .
 *(.data)
 *(.data*)
 .data.SystemCoreClock
                0x0000000020000000        0x4 Core/Src/system_stm32f1xx.o
                0x0000000020000000                SystemCoreClock
 .data.uwTickPrio
                0x0000000020000004        0x4 Drivers/STM32F1xx_HAL_Driver/Src/stm32f1xx_hal.o
                0x0000000020000004                uwTickPrio
 .data.uwTickFreq
                0x0000000020000008        0x1 Drivers/STM32F1xx_HAL_Driver/Src/stm32f1xx_hal.o
                0x0000000020000008                uwTickFreq
 *(.RamFunc)
 *(.RamFunc*)
                0x000000002000000c                . = ALIGN (0x4)
 *fill*         0x0000000020000009        0x3 
                0x000000002000000c                _edata = .

.igot.plt       0x000000002000000c        0x0 load address 0x0000000008001a40
 .igot.plt      0x000000002000000c        0x0 c:/st/stm32cubeide_1.6.0/stm32cubeide/plugins/com.st.stm32cube.ide.mcu.externaltools.gnu-tools-for-stm32.9-2020-q2-update.win32_1.5.0.202011040924/tools/bin/../lib/gcc/arm-none-eabi/9.3.1/thumb/v7-m/nofp/crtbegin.o
                0x000000002000000c                . = ALIGN (0x4)

.bss            0x000000002000000c       0x6c load address 0x0000000008001a40
                0x000000002000000c                _sbss = .
                0x000000002000000c                __bss_start__ = _sbss
 *(.bss)
 .bss           0x000000002000000c       0x1c c:/st/stm32cubeide_1.6.0/stm32cubeide/plugins/com.st.stm32cube.ide.mcu.externaltools.gnu-tools-for-stm32.9-2020-q2-update.win32_1.5.0.202011040924/tools/bin/../lib/gcc/arm-none-eabi/9.3.1/thumb/v7-m/nofp/crtbegin.o
 *(.bss*)
 .bss.Timer_200m
                0x0000000020000028        0x1 Core/Src/main.o
                0x0000000020000028                Timer_200m
 .bss.Timer_500m
                0x0000000020000029        0x1 Core/Src/main.o
                0x0000000020000029                Timer_500m
 .bss.Timer_1000m
                0x000000002000002a        0x1 Core/Src/main.o
                0x000000002000002a                Timer_1000m
 *(COMMON)
 *fill*         0x000000002000002b        0x1 
 COMMON         0x000000002000002c       0x48 Core/Src/tim.o
                0x000000002000002c                htim6
 COMMON         0x0000000020000074        0x4 Drivers/STM32F1xx_HAL_Driver/Src/stm32f1xx_hal.o
                0x0000000020000074                uwTick
                0x0000000020000078                . = ALIGN (0x4)
                0x0000000020000078                _ebss = .
                0x0000000020000078                __bss_end__ = _ebss

._user_heap_stack
                0x0000000020000078      0x600 load address 0x0000000008001a40
                0x0000000020000078                . = ALIGN (0x8)
                [!provide]                        PROVIDE (end = .)
                0x0000000020000078                PROVIDE (_end = .)
                0x0000000020000278                . = (. + _Min_Heap_Size)
 *fill*         0x0000000020000078      0x200 
                0x0000000020000678                . = (. + _Min_Stack_Size)
 *fill*         0x0000000020000278      0x400 
                0x0000000020000678                . = ALIGN (0x8)

/DISCARD/
 libc.a(*)
 libm.a(*)
 libgcc.a(*)

.ARM.attributes
                0x0000000000000000       0x29
 *(.ARM.attributes)
 .ARM.attributes
                0x0000000000000000       0x1d c:/st/stm32cubeide_1.6.0/stm32cubeide/plugins/com.st.stm32cube.ide.mcu.externaltools.gnu-tools-for-stm32.9-2020-q2-update.win32_1.5.0.202011040924/tools/bin/../lib/gcc/arm-none-eabi/9.3.1/thumb/v7-m/nofp/crti.o
 .ARM.attributes
                0x000000000000001d       0x2d c:/st/stm32cubeide_1.6.0/stm32cubeide/plugins/com.st.stm32cube.ide.mcu.externaltools.gnu-tools-for-stm32.9-2020-q2-update.win32_1.5.0.202011040924/tools/bin/../lib/gcc/arm-none-eabi/9.3.1/thumb/v7-m/nofp/crtbegin.o
 .ARM.attributes
                0x000000000000004a       0x2d Core/Src/gpio.o
 .ARM.attributes
                0x0000000000000077       0x2d Core/Src/main.o
 .ARM.attributes
                0x00000000000000a4       0x2d Core/Src/stm32f1xx_hal_msp.o
 .ARM.attributes
                0x00000000000000d1       0x2d Core/Src/stm32f1xx_it.o
 .ARM.attributes
                0x00000000000000fe       0x2d Core/Src/system_stm32f1xx.o
 .ARM.attributes
                0x000000000000012b       0x2d Core/Src/tim.o
 .ARM.attributes
                0x0000000000000158       0x21 Core/Startup/startup_stm32f103vctx.o
 .ARM.attributes
                0x0000000000000179       0x2d Drivers/STM32F1xx_HAL_Driver/Src/stm32f1xx_hal.o
 .ARM.attributes
                0x00000000000001a6       0x2d Drivers/STM32F1xx_HAL_Driver/Src/stm32f1xx_hal_cortex.o
 .ARM.attributes
                0x00000000000001d3       0x2d Drivers/STM32F1xx_HAL_Driver/Src/stm32f1xx_hal_gpio.o
 .ARM.attributes
                0x0000000000000200       0x2d Drivers/STM32F1xx_HAL_Driver/Src/stm32f1xx_hal_rcc.o
 .ARM.attributes
                0x000000000000022d       0x2d Drivers/STM32F1xx_HAL_Driver/Src/stm32f1xx_hal_tim.o
 .ARM.attributes
                0x000000000000025a       0x2d Drivers/STM32F1xx_HAL_Driver/Src/stm32f1xx_hal_tim_ex.o
 .ARM.attributes
                0x0000000000000287       0x2d c:/st/stm32cubeide_1.6.0/stm32cubeide/plugins/com.st.stm32cube.ide.mcu.externaltools.gnu-tools-for-stm32.9-2020-q2-update.win32_1.5.0.202011040924/tools/bin/../lib/gcc/arm-none-eabi/9.3.1/../../../../arm-none-eabi/lib/thumb/v7-m/nofp\libc_nano.a(lib_a-init.o)
 .ARM.attributes
                0x00000000000002b4       0x2d c:/st/stm32cubeide_1.6.0/stm32cubeide/plugins/com.st.stm32cube.ide.mcu.externaltools.gnu-tools-for-stm32.9-2020-q2-update.win32_1.5.0.202011040924/tools/bin/../lib/gcc/arm-none-eabi/9.3.1/../../../../arm-none-eabi/lib/thumb/v7-m/nofp\libc_nano.a(lib_a-memset.o)
 .ARM.attributes
                0x00000000000002e1       0x1d c:/st/stm32cubeide_1.6.0/stm32cubeide/plugins/com.st.stm32cube.ide.mcu.externaltools.gnu-tools-for-stm32.9-2020-q2-update.win32_1.5.0.202011040924/tools/bin/../lib/gcc/arm-none-eabi/9.3.1/thumb/v7-m/nofp/crtn.o
OUTPUT(Timer.elf elf32-littlearm)
LOAD linker stubs
LOAD c:/st/stm32cubeide_1.6.0/stm32cubeide/plugins/com.st.stm32cube.ide.mcu.externaltools.gnu-tools-for-stm32.9-2020-q2-update.win32_1.5.0.202011040924/tools/bin/../lib/gcc/arm-none-eabi/9.3.1/../../../../arm-none-eabi/lib/thumb/v7-m/nofp\libc.a
LOAD c:/st/stm32cubeide_1.6.0/stm32cubeide/plugins/com.st.stm32cube.ide.mcu.externaltools.gnu-tools-for-stm32.9-2020-q2-update.win32_1.5.0.202011040924/tools/bin/../lib/gcc/arm-none-eabi/9.3.1/../../../../arm-none-eabi/lib/thumb/v7-m/nofp\libm.a
LOAD c:/st/stm32cubeide_1.6.0/stm32cubeide/plugins/com.st.stm32cube.ide.mcu.externaltools.gnu-tools-for-stm32.9-2020-q2-update.win32_1.5.0.202011040924/tools/bin/../lib/gcc/arm-none-eabi/9.3.1/thumb/v7-m/nofp\libgcc.a

.debug_info     0x0000000000000000     0x874b
 .debug_info    0x0000000000000000      0x355 Core/Src/gpio.o
 .debug_info    0x0000000000000355      0x9ab Core/Src/main.o
 .debug_info    0x0000000000000d00      0x2fc Core/Src/stm32f1xx_hal_msp.o
 .debug_info    0x0000000000000ffc      0x7b4 Core/Src/stm32f1xx_it.o
 .debug_info    0x00000000000017b0      0x2be Core/Src/system_stm32f1xx.o
 .debug_info    0x0000000000001a6e      0xa42 Core/Src/tim.o
 .debug_info    0x00000000000024b0       0x22 Core/Startup/startup_stm32f103vctx.o
 .debug_info    0x00000000000024d2      0x7d0 Drivers/STM32F1xx_HAL_Driver/Src/stm32f1xx_hal.o
 .debug_info    0x0000000000002ca2      0xc42 Drivers/STM32F1xx_HAL_Driver/Src/stm32f1xx_hal_cortex.o
 .debug_info    0x00000000000038e4      0x701 Drivers/STM32F1xx_HAL_Driver/Src/stm32f1xx_hal_gpio.o
 .debug_info    0x0000000000003fe5      0x88e Drivers/STM32F1xx_HAL_Driver/Src/stm32f1xx_hal_rcc.o
 .debug_info    0x0000000000004873     0x2a43 Drivers/STM32F1xx_HAL_Driver/Src/stm32f1xx_hal_tim.o
 .debug_info    0x00000000000072b6     0x1495 Drivers/STM32F1xx_HAL_Driver/Src/stm32f1xx_hal_tim_ex.o

.debug_abbrev   0x0000000000000000     0x16fd
 .debug_abbrev  0x0000000000000000      0x143 Core/Src/gpio.o
 .debug_abbrev  0x0000000000000143      0x1ed Core/Src/main.o
 .debug_abbrev  0x0000000000000330      0x11d Core/Src/stm32f1xx_hal_msp.o
 .debug_abbrev  0x000000000000044d      0x176 Core/Src/stm32f1xx_it.o
 .debug_abbrev  0x00000000000005c3      0x14e Core/Src/system_stm32f1xx.o
 .debug_abbrev  0x0000000000000711      0x1bb Core/Src/tim.o
 .debug_abbrev  0x00000000000008cc       0x12 Core/Startup/startup_stm32f103vctx.o
 .debug_abbrev  0x00000000000008de      0x1ed Drivers/STM32F1xx_HAL_Driver/Src/stm32f1xx_hal.o
 .debug_abbrev  0x0000000000000acb      0x313 Drivers/STM32F1xx_HAL_Driver/Src/stm32f1xx_hal_cortex.o
 .debug_abbrev  0x0000000000000dde      0x1e8 Drivers/STM32F1xx_HAL_Driver/Src/stm32f1xx_hal_gpio.o
 .debug_abbrev  0x0000000000000fc6      0x273 Drivers/STM32F1xx_HAL_Driver/Src/stm32f1xx_hal_rcc.o
 .debug_abbrev  0x0000000000001239      0x25e Drivers/STM32F1xx_HAL_Driver/Src/stm32f1xx_hal_tim.o
 .debug_abbrev  0x0000000000001497      0x266 Drivers/STM32F1xx_HAL_Driver/Src/stm32f1xx_hal_tim_ex.o

.debug_aranges  0x0000000000000000      0x960
 .debug_aranges
                0x0000000000000000       0x20 Core/Src/gpio.o
 .debug_aranges
                0x0000000000000020       0x38 Core/Src/main.o
 .debug_aranges
                0x0000000000000058       0x20 Core/Src/stm32f1xx_hal_msp.o
 .debug_aranges
                0x0000000000000078       0x68 Core/Src/stm32f1xx_it.o
 .debug_aranges
                0x00000000000000e0       0x28 Core/Src/system_stm32f1xx.o
 .debug_aranges
                0x0000000000000108       0x30 Core/Src/tim.o
 .debug_aranges
                0x0000000000000138       0x28 Core/Startup/startup_stm32f103vctx.o
 .debug_aranges
                0x0000000000000160       0xe0 Drivers/STM32F1xx_HAL_Driver/Src/stm32f1xx_hal.o
 .debug_aranges
                0x0000000000000240      0x100 Drivers/STM32F1xx_HAL_Driver/Src/stm32f1xx_hal_cortex.o
 .debug_aranges
                0x0000000000000340       0x58 Drivers/STM32F1xx_HAL_Driver/Src/stm32f1xx_hal_gpio.o
 .debug_aranges
                0x0000000000000398       0x90 Drivers/STM32F1xx_HAL_Driver/Src/stm32f1xx_hal_rcc.o
 .debug_aranges
                0x0000000000000428      0x3d0 Drivers/STM32F1xx_HAL_Driver/Src/stm32f1xx_hal_tim.o
 .debug_aranges
                0x00000000000007f8      0x168 Drivers/STM32F1xx_HAL_Driver/Src/stm32f1xx_hal_tim_ex.o

.debug_ranges   0x0000000000000000      0x898
 .debug_ranges  0x0000000000000000       0x10 Core/Src/gpio.o
 .debug_ranges  0x0000000000000010       0x28 Core/Src/main.o
 .debug_ranges  0x0000000000000038       0x10 Core/Src/stm32f1xx_hal_msp.o
 .debug_ranges  0x0000000000000048       0x58 Core/Src/stm32f1xx_it.o
 .debug_ranges  0x00000000000000a0       0x18 Core/Src/system_stm32f1xx.o
 .debug_ranges  0x00000000000000b8       0x20 Core/Src/tim.o
 .debug_ranges  0x00000000000000d8       0x20 Core/Startup/startup_stm32f103vctx.o
 .debug_ranges  0x00000000000000f8       0xd0 Drivers/STM32F1xx_HAL_Driver/Src/stm32f1xx_hal.o
 .debug_ranges  0x00000000000001c8       0xf0 Drivers/STM32F1xx_HAL_Driver/Src/stm32f1xx_hal_cortex.o
 .debug_ranges  0x00000000000002b8       0x48 Drivers/STM32F1xx_HAL_Driver/Src/stm32f1xx_hal_gpio.o
 .debug_ranges  0x0000000000000300       0x80 Drivers/STM32F1xx_HAL_Driver/Src/stm32f1xx_hal_rcc.o
 .debug_ranges  0x0000000000000380      0x3c0 Drivers/STM32F1xx_HAL_Driver/Src/stm32f1xx_hal_tim.o
 .debug_ranges  0x0000000000000740      0x158 Drivers/STM32F1xx_HAL_Driver/Src/stm32f1xx_hal_tim_ex.o

.debug_macro    0x0000000000000000    0x1888c
 .debug_macro   0x0000000000000000      0x1ad Core/Src/gpio.o
 .debug_macro   0x00000000000001ad      0xa9c Core/Src/gpio.o
 .debug_macro   0x0000000000000c49      0x215 Core/Src/gpio.o
 .debug_macro   0x0000000000000e5e       0x2e Core/Src/gpio.o
 .debug_macro   0x0000000000000e8c       0x22 Core/Src/gpio.o
 .debug_macro   0x0000000000000eae       0x22 Core/Src/gpio.o
 .debug_macro   0x0000000000000ed0       0x8e Core/Src/gpio.o
 .debug_macro   0x0000000000000f5e       0x51 Core/Src/gpio.o
 .debug_macro   0x0000000000000faf      0x103 Core/Src/gpio.o
 .debug_macro   0x00000000000010b2       0x6a Core/Src/gpio.o
 .debug_macro   0x000000000000111c      0x1df Core/Src/gpio.o
 .debug_macro   0x00000000000012fb       0x1c Core/Src/gpio.o
 .debug_macro   0x0000000000001317       0x22 Core/Src/gpio.o
 .debug_macro   0x0000000000001339       0xc3 Core/Src/gpio.o
 .debug_macro   0x00000000000013fc      0xd23 Core/Src/gpio.o
 .debug_macro   0x000000000000211f     0xfd85 Core/Src/gpio.o
 .debug_macro   0x0000000000011ea4       0x43 Core/Src/gpio.o
 .debug_macro   0x0000000000011ee7     0x3468 Core/Src/gpio.o
 .debug_macro   0x000000000001534f      0x174 Core/Src/gpio.o
 .debug_macro   0x00000000000154c3       0x5c Core/Src/gpio.o
 .debug_macro   0x000000000001551f      0x5be Core/Src/gpio.o
 .debug_macro   0x0000000000015add      0x4d5 Core/Src/gpio.o
 .debug_macro   0x0000000000015fb2      0x1cb Core/Src/gpio.o
 .debug_macro   0x000000000001617d      0x114 Core/Src/gpio.o
 .debug_macro   0x0000000000016291      0x1ea Core/Src/gpio.o
 .debug_macro   0x000000000001647b       0x27 Core/Src/gpio.o
 .debug_macro   0x00000000000164a2      0x144 Core/Src/gpio.o
 .debug_macro   0x00000000000165e6      0x1bc Core/Src/gpio.o
 .debug_macro   0x00000000000167a2       0x30 Core/Src/gpio.o
 .debug_macro   0x00000000000167d2       0x3c Core/Src/gpio.o
 .debug_macro   0x000000000001680e       0x57 Core/Src/gpio.o
 .debug_macro   0x0000000000016865       0x88 Core/Src/gpio.o
 .debug_macro   0x00000000000168ed      0x24f Core/Src/gpio.o
 .debug_macro   0x0000000000016b3c      0x141 Core/Src/gpio.o
 .debug_macro   0x0000000000016c7d      0x8d1 Core/Src/gpio.o
 .debug_macro   0x000000000001754e       0xb5 Core/Src/gpio.o
 .debug_macro   0x0000000000017603      0x1bb Core/Src/main.o
 .debug_macro   0x00000000000177be      0x1a3 Core/Src/stm32f1xx_hal_msp.o
 .debug_macro   0x0000000000017961      0x1ad Core/Src/stm32f1xx_it.o
 .debug_macro   0x0000000000017b0e      0x199 Core/Src/system_stm32f1xx.o
 .debug_macro   0x0000000000017ca7      0x1ad Core/Src/tim.o
 .debug_macro   0x0000000000017e54      0x1bd Drivers/STM32F1xx_HAL_Driver/Src/stm32f1xx_hal.o
 .debug_macro   0x0000000000018011      0x199 Drivers/STM32F1xx_HAL_Driver/Src/stm32f1xx_hal_cortex.o
 .debug_macro   0x00000000000181aa      0x204 Drivers/STM32F1xx_HAL_Driver/Src/stm32f1xx_hal_gpio.o
 .debug_macro   0x00000000000183ae      0x1ab Drivers/STM32F1xx_HAL_Driver/Src/stm32f1xx_hal_rcc.o
 .debug_macro   0x0000000000018559      0x19a Drivers/STM32F1xx_HAL_Driver/Src/stm32f1xx_hal_tim.o
 .debug_macro   0x00000000000186f3      0x199 Drivers/STM32F1xx_HAL_Driver/Src/stm32f1xx_hal_tim_ex.o

.debug_line     0x0000000000000000     0xa34e
 .debug_line    0x0000000000000000      0x671 Core/Src/gpio.o
 .debug_line    0x0000000000000671      0x72c Core/Src/main.o
 .debug_line    0x0000000000000d9d      0x666 Core/Src/stm32f1xx_hal_msp.o
 .debug_line    0x0000000000001403      0x73f Core/Src/stm32f1xx_it.o
 .debug_line    0x0000000000001b42      0x6e3 Core/Src/system_stm32f1xx.o
 .debug_line    0x0000000000002225      0x6bf Core/Src/tim.o
 .debug_line    0x00000000000028e4       0x84 Core/Startup/startup_stm32f103vctx.o
 .debug_line    0x0000000000002968      0x910 Drivers/STM32F1xx_HAL_Driver/Src/stm32f1xx_hal.o
 .debug_line    0x0000000000003278      0xaf8 Drivers/STM32F1xx_HAL_Driver/Src/stm32f1xx_hal_cortex.o
 .debug_line    0x0000000000003d70      0x9cf Drivers/STM32F1xx_HAL_Driver/Src/stm32f1xx_hal_gpio.o
 .debug_line    0x000000000000473f      0xd1e Drivers/STM32F1xx_HAL_Driver/Src/stm32f1xx_hal_rcc.o
 .debug_line    0x000000000000545d     0x34d7 Drivers/STM32F1xx_HAL_Driver/Src/stm32f1xx_hal_tim.o
 .debug_line    0x0000000000008934     0x1a1a Drivers/STM32F1xx_HAL_Driver/Src/stm32f1xx_hal_tim_ex.o

.debug_str      0x0000000000000000    0x91d57
 .debug_str     0x0000000000000000    0x8f386 Core/Src/gpio.o
                                      0x8f782 (size before relaxing)
 .debug_str     0x000000000008f386      0x5e3 Core/Src/main.o
                                      0x8fd56 (size before relaxing)
 .debug_str     0x000000000008f969       0x5a Core/Src/stm32f1xx_hal_msp.o
                                      0x8f738 (size before relaxing)
 .debug_str     0x000000000008f9c3       0xbd Core/Src/stm32f1xx_it.o
                                      0x8fc1f (size before relaxing)
 .debug_str     0x000000000008fa80       0x52 Core/Src/system_stm32f1xx.o
                                      0x8f725 (size before relaxing)
 .debug_str     0x000000000008fad2      0x3a0 Core/Src/tim.o
                                      0x90026 (size before relaxing)
 .debug_str     0x000000000008fe72       0x36 Core/Startup/startup_stm32f103vctx.o
                                         0x52 (size before relaxing)
 .debug_str     0x000000000008fea8      0x304 Drivers/STM32F1xx_HAL_Driver/Src/stm32f1xx_hal.o
                                      0x8fe9a (size before relaxing)
 .debug_str     0x00000000000901ac      0x300 Drivers/STM32F1xx_HAL_Driver/Src/stm32f1xx_hal_cortex.o
                                      0x8fea2 (size before relaxing)
 .debug_str     0x00000000000904ac      0x324 Drivers/STM32F1xx_HAL_Driver/Src/stm32f1xx_hal_gpio.o
                                      0x8fae9 (size before relaxing)
 .debug_str     0x00000000000907d0      0x24f Drivers/STM32F1xx_HAL_Driver/Src/stm32f1xx_hal_rcc.o
                                      0x8fb22 (size before relaxing)
 .debug_str     0x0000000000090a1f      0xe21 Drivers/STM32F1xx_HAL_Driver/Src/stm32f1xx_hal_tim.o
                                      0x90af4 (size before relaxing)
 .debug_str     0x0000000000091840      0x517 Drivers/STM32F1xx_HAL_Driver/Src/stm32f1xx_hal_tim_ex.o
                                      0x902ce (size before relaxing)

.comment        0x0000000000000000       0x53
 .comment       0x0000000000000000       0x53 Core/Src/gpio.o
                                         0x54 (size before relaxing)
 .comment       0x0000000000000053       0x54 Core/Src/main.o
 .comment       0x0000000000000053       0x54 Core/Src/stm32f1xx_hal_msp.o
 .comment       0x0000000000000053       0x54 Core/Src/stm32f1xx_it.o
 .comment       0x0000000000000053       0x54 Core/Src/system_stm32f1xx.o
 .comment       0x0000000000000053       0x54 Core/Src/tim.o
 .comment       0x0000000000000053       0x54 Drivers/STM32F1xx_HAL_Driver/Src/stm32f1xx_hal.o
 .comment       0x0000000000000053       0x54 Drivers/STM32F1xx_HAL_Driver/Src/stm32f1xx_hal_cortex.o
 .comment       0x0000000000000053       0x54 Drivers/STM32F1xx_HAL_Driver/Src/stm32f1xx_hal_gpio.o
 .comment       0x0000000000000053       0x54 Drivers/STM32F1xx_HAL_Driver/Src/stm32f1xx_hal_rcc.o
 .comment       0x0000000000000053       0x54 Drivers/STM32F1xx_HAL_Driver/Src/stm32f1xx_hal_tim.o
 .comment       0x0000000000000053       0x54 Drivers/STM32F1xx_HAL_Driver/Src/stm32f1xx_hal_tim_ex.o

.debug_frame    0x0000000000000000     0x25f4
 .debug_frame   0x0000000000000000       0x34 Core/Src/gpio.o
 .debug_frame   0x0000000000000034       0x90 Core/Src/main.o
 .debug_frame   0x00000000000000c4       0x38 Core/Src/stm32f1xx_hal_msp.o
 .debug_frame   0x00000000000000fc      0x120 Core/Src/stm32f1xx_it.o
 .debug_frame   0x000000000000021c       0x58 Core/Src/system_stm32f1xx.o
 .debug_frame   0x0000000000000274       0x7c Core/Src/tim.o
 .debug_frame   0x00000000000002f0      0x334 Drivers/STM32F1xx_HAL_Driver/Src/stm32f1xx_hal.o
 .debug_frame   0x0000000000000624      0x428 Drivers/STM32F1xx_HAL_Driver/Src/stm32f1xx_hal_cortex.o
 .debug_frame   0x0000000000000a4c      0x14c Drivers/STM32F1xx_HAL_Driver/Src/stm32f1xx_hal_gpio.o
 .debug_frame   0x0000000000000b98      0x21c Drivers/STM32F1xx_HAL_Driver/Src/stm32f1xx_hal_rcc.o
 .debug_frame   0x0000000000000db4     0x11bc Drivers/STM32F1xx_HAL_Driver/Src/stm32f1xx_hal_tim.o
 .debug_frame   0x0000000000001f70      0x638 Drivers/STM32F1xx_HAL_Driver/Src/stm32f1xx_hal_tim_ex.o
 .debug_frame   0x00000000000025a8       0x2c c:/st/stm32cubeide_1.6.0/stm32cubeide/plugins/com.st.stm32cube.ide.mcu.externaltools.gnu-tools-for-stm32.9-2020-q2-update.win32_1.5.0.202011040924/tools/bin/../lib/gcc/arm-none-eabi/9.3.1/../../../../arm-none-eabi/lib/thumb/v7-m/nofp\libc_nano.a(lib_a-init.o)
 .debug_frame   0x00000000000025d4       0x20 c:/st/stm32cubeide_1.6.0/stm32cubeide/plugins/com.st.stm32cube.ide.mcu.externaltools.gnu-tools-for-stm32.9-2020-q2-update.win32_1.5.0.202011040924/tools/bin/../lib/gcc/arm-none-eabi/9.3.1/../../../../arm-none-eabi/lib/thumb/v7-m/nofp\libc_nano.a(lib_a-memset.o)
